Archive member included to satisfy reference by file (symbol)

/usr/lib/gcc/arm-none-eabi/8.3.1/thumb/v7e-m+fp/hard/libgcc.a(_arm_addsubdf3.o)
                              /sdcard/Download/codes/arm/static/GCC_Project/output/ql_test_signals.o (__aeabi_dadd)
/usr/lib/gcc/arm-none-eabi/8.3.1/thumb/v7e-m+fp/hard/libgcc.a(_arm_muldivdf3.o)
                              /sdcard/Download/codes/arm/static/GCC_Project/output/ql_test_signals.o (__aeabi_dmul)
/usr/lib/gcc/arm-none-eabi/8.3.1/thumb/v7e-m+fp/hard/libgcc.a(_arm_fixdfsi.o)
                              /sdcard/Download/codes/arm/static/GCC_Project/output/ql_test_signals.o (__aeabi_d2iz)
/usr/lib/gcc/arm-none-eabi/8.3.1/thumb/v7e-m+fp/hard/libgcc.a(_arm_truncdfsf2.o)
                              /sdcard/Download/codes/arm/static/GCC_Project/output/eoss3_hal_i2c.o (__aeabi_d2f)
/usr/lib/gcc/arm-none-eabi/8.3.1/thumb/v7e-m+fp/hard/libgcc.a(_aeabi_ldivmod.o)
                              /sdcard/Download/codes/arm/static/GCC_Project/output/dbg_uart.o (__aeabi_ldivmod)
/usr/lib/gcc/arm-none-eabi/8.3.1/thumb/v7e-m+fp/hard/libgcc.a(_aeabi_uldivmod.o)
                              /sdcard/Download/codes/arm/static/GCC_Project/output/s3x_lpm.o (__aeabi_uldivmod)
/usr/lib/gcc/arm-none-eabi/8.3.1/thumb/v7e-m+fp/hard/libgcc.a(_udivmoddi4.o)
                              /usr/lib/gcc/arm-none-eabi/8.3.1/thumb/v7e-m+fp/hard/libgcc.a(_aeabi_ldivmod.o) (__udivmoddi4)
/usr/lib/gcc/arm-none-eabi/8.3.1/thumb/v7e-m+fp/hard/libgcc.a(_dvmd_tls.o)
                              /usr/lib/gcc/arm-none-eabi/8.3.1/thumb/v7e-m+fp/hard/libgcc.a(_aeabi_ldivmod.o) (__aeabi_ldiv0)
/usr/lib/gcc/arm-none-eabi/8.3.1/../../../arm-none-eabi/lib/thumb/v7e-m+fp/hard/libg_nano.a(lib_a-atexit.o)
                              /usr/lib/gcc/arm-none-eabi/8.3.1/../../../arm-none-eabi/lib/thumb/v7e-m+fp/hard/crt0.o (atexit)
/usr/lib/gcc/arm-none-eabi/8.3.1/../../../arm-none-eabi/lib/thumb/v7e-m+fp/hard/libg_nano.a(lib_a-exit.o)
                              /usr/lib/gcc/arm-none-eabi/8.3.1/../../../arm-none-eabi/lib/thumb/v7e-m+fp/hard/crt0.o (exit)
/usr/lib/gcc/arm-none-eabi/8.3.1/../../../arm-none-eabi/lib/thumb/v7e-m+fp/hard/libg_nano.a(lib_a-fini.o)
                              /usr/lib/gcc/arm-none-eabi/8.3.1/../../../arm-none-eabi/lib/thumb/v7e-m+fp/hard/crt0.o (__libc_fini_array)
/usr/lib/gcc/arm-none-eabi/8.3.1/../../../arm-none-eabi/lib/thumb/v7e-m+fp/hard/libg_nano.a(lib_a-impure.o)
                              /usr/lib/gcc/arm-none-eabi/8.3.1/../../../arm-none-eabi/lib/thumb/v7e-m+fp/hard/libg_nano.a(lib_a-exit.o) (_global_impure_ptr)
/usr/lib/gcc/arm-none-eabi/8.3.1/../../../arm-none-eabi/lib/thumb/v7e-m+fp/hard/libg_nano.a(lib_a-init.o)
                              /usr/lib/gcc/arm-none-eabi/8.3.1/../../../arm-none-eabi/lib/thumb/v7e-m+fp/hard/crt0.o (__libc_init_array)
/usr/lib/gcc/arm-none-eabi/8.3.1/../../../arm-none-eabi/lib/thumb/v7e-m+fp/hard/libg_nano.a(lib_a-itoa.o)
                              /sdcard/Download/codes/arm/static/GCC_Project/output/Main.o (itoa)
/usr/lib/gcc/arm-none-eabi/8.3.1/../../../arm-none-eabi/lib/thumb/v7e-m+fp/hard/libg_nano.a(lib_a-malloc.o)
                              /sdcard/Download/codes/arm/static/GCC_Project/output/circularBuffQueue.o (malloc)
/usr/lib/gcc/arm-none-eabi/8.3.1/../../../arm-none-eabi/lib/thumb/v7e-m+fp/hard/libg_nano.a(lib_a-memcpy.o)
                              /sdcard/Download/codes/arm/static/GCC_Project/output/cli_args.o (memcpy)
/usr/lib/gcc/arm-none-eabi/8.3.1/../../../arm-none-eabi/lib/thumb/v7e-m+fp/hard/libg_nano.a(lib_a-memset.o)
                              /usr/lib/gcc/arm-none-eabi/8.3.1/../../../arm-none-eabi/lib/thumb/v7e-m+fp/hard/crt0.o (memset)
/usr/lib/gcc/arm-none-eabi/8.3.1/../../../arm-none-eabi/lib/thumb/v7e-m+fp/hard/libg_nano.a(lib_a-nano-freer.o)
                              /usr/lib/gcc/arm-none-eabi/8.3.1/../../../arm-none-eabi/lib/thumb/v7e-m+fp/hard/libg_nano.a(lib_a-malloc.o) (_free_r)
/usr/lib/gcc/arm-none-eabi/8.3.1/../../../arm-none-eabi/lib/thumb/v7e-m+fp/hard/libg_nano.a(lib_a-nano-mallocr.o)
                              /usr/lib/gcc/arm-none-eabi/8.3.1/../../../arm-none-eabi/lib/thumb/v7e-m+fp/hard/libg_nano.a(lib_a-malloc.o) (_malloc_r)
/usr/lib/gcc/arm-none-eabi/8.3.1/../../../arm-none-eabi/lib/thumb/v7e-m+fp/hard/libg_nano.a(lib_a-printf.o)
                              /sdcard/Download/codes/arm/static/GCC_Project/output/circularBuffQueue.o (printf)
/usr/lib/gcc/arm-none-eabi/8.3.1/../../../arm-none-eabi/lib/thumb/v7e-m+fp/hard/libg_nano.a(lib_a-puts.o)
                              /sdcard/Download/codes/arm/static/GCC_Project/output/eoss3_hal_i2s_slave_assp.o (puts)
/usr/lib/gcc/arm-none-eabi/8.3.1/../../../arm-none-eabi/lib/thumb/v7e-m+fp/hard/libg_nano.a(lib_a-sbrkr.o)
                              /usr/lib/gcc/arm-none-eabi/8.3.1/../../../arm-none-eabi/lib/thumb/v7e-m+fp/hard/libg_nano.a(lib_a-nano-mallocr.o) (_sbrk_r)
[...]
Memory Configuration

Name             Origin             Length             Attributes
rom              0x0000000000000000 0x0000000000027000 xr
ram              0x0000000020027000 0x000000000003c800 xrw
spiram           0x0000000020063800 0x0000000000000800 rw
HWA              0x0000000020064000 0x0000000000018000 rw
shm              0x000000002007c000 0x0000000000004000
*default*        0x0000000000000000 0xffffffffffffffff

Linker script and memory map

LOAD /usr/lib/gcc/arm-none-eabi/8.3.1/thumb/v7e-m+fp/hard/crti.o
LOAD /usr/lib/gcc/arm-none-eabi/8.3.1/thumb/v7e-m+fp/hard/crtbegin.o
LOAD /usr/lib/gcc/arm-none-eabi/8.3.1/../../../arm-none-eabi/lib/thumb/v7e-m+fp/hard/crt0.o
LOAD /sdcard/Download/codes/arm/static/GCC_Project/output/Main.o
LOAD /sdcard/Download/codes/arm/static/GCC_Project/output/c_lib_retarget.o
LOAD /sdcard/Download/codes/arm/static/GCC_Project/output/circularBuffQueue.o
LOAD /sdcard/Download/codes/arm/static/GCC_Project/output/cli_args.o
LOAD /sdcard/Download/codes/arm/static/GCC_Project/output/cli_hexdump.o
LOAD /sdcard/Download/codes/arm/static/GCC_Project/output/cli_io.o
LOAD /sdcard/Download/codes/arm/static/GCC_Project/output/cli_loop.o
LOAD /sdcard/Download/codes/arm/static/GCC_Project/output/cli_misc.o
LOAD /sdcard/Download/codes/arm/static/GCC_Project/output/cli_platform.o
LOAD /sdcard/Download/codes/arm/static/GCC_Project/output/cli_stdcmds.o
LOAD /sdcard/Download/codes/arm/static/GCC_Project/output/crc16.o
LOAD /sdcard/Download/codes/arm/static/GCC_Project/output/crc32.o
LOAD /sdcard/Download/codes/arm/static/GCC_Project/output/croutine.o
LOAD /sdcard/Download/codes/arm/static/GCC_Project/output/dbg_bufferedprinttask.o
LOAD /sdcard/Download/codes/arm/static/GCC_Project/output/dbg_queue_monitor.o
LOAD /sdcard/Download/codes/arm/static/GCC_Project/output/dbg_uart.o
LOAD /sdcard/Download/codes/arm/static/GCC_Project/output/dbgtrace.o
LOAD /sdcard/Download/codes/arm/static/GCC_Project/output/eoss3_hal_adc.o
LOAD /sdcard/Download/codes/arm/static/GCC_Project/output/eoss3_hal_gpio.o
LOAD /sdcard/Download/codes/arm/static/GCC_Project/output/eoss3_hal_i2c.o
LOAD /sdcard/Download/codes/arm/static/GCC_Project/output/eoss3_hal_i2s.o
LOAD /sdcard/Download/codes/arm/static/GCC_Project/output/eoss3_hal_i2s_slave_assp.o
LOAD /sdcard/Download/codes/arm/static/GCC_Project/output/eoss3_hal_pad_config.o
LOAD /sdcard/Download/codes/arm/static/GCC_Project/output/eoss3_hal_pkfb.o
LOAD /sdcard/Download/codes/arm/static/GCC_Project/output/eoss3_hal_rtc.o
LOAD /sdcard/Download/codes/arm/static/GCC_Project/output/eoss3_hal_sdma.o
LOAD /sdcard/Download/codes/arm/static/GCC_Project/output/eoss3_hal_spi.o
LOAD /sdcard/Download/codes/arm/static/GCC_Project/output/eoss3_hal_timer.o
LOAD /sdcard/Download/codes/arm/static/GCC_Project/output/eoss3_hal_uart.o
LOAD /sdcard/Download/codes/arm/static/GCC_Project/output/eoss3_hal_wb.o
LOAD /sdcard/Download/codes/arm/static/GCC_Project/output/eoss3_hal_wdt.o
LOAD /sdcard/Download/codes/arm/static/GCC_Project/output/event_groups.o
LOAD /sdcard/Download/codes/arm/static/GCC_Project/output/exceptions.o
LOAD /sdcard/Download/codes/arm/static/GCC_Project/output/freertos_static_memory.o
LOAD /sdcard/Download/codes/arm/static/GCC_Project/output/heap_4.o
LOAD /sdcard/Download/codes/arm/static/GCC_Project/output/hearable_pwrcfg.o
LOAD /sdcard/Download/codes/arm/static/GCC_Project/output/leds.o
LOAD /sdcard/Download/codes/arm/static/GCC_Project/output/list.o
LOAD /sdcard/Download/codes/arm/static/GCC_Project/output/main_dbg_cli_menu.o
LOAD /sdcard/Download/codes/arm/static/GCC_Project/output/pincfg_table.o
LOAD /sdcard/Download/codes/arm/static/GCC_Project/output/port.o
LOAD /sdcard/Download/codes/arm/static/GCC_Project/output/qf_baremetalsetup.o
LOAD /sdcard/Download/codes/arm/static/GCC_Project/output/qf_hardwaresetup.o
LOAD /sdcard/Download/codes/arm/static/GCC_Project/output/ql_base64.o
LOAD /sdcard/Download/codes/arm/static/GCC_Project/output/ql_stackwatermark.o
LOAD /sdcard/Download/codes/arm/static/GCC_Project/output/ql_test_signals.o
LOAD /sdcard/Download/codes/arm/static/GCC_Project/output/ql_time.o
LOAD /sdcard/Download/codes/arm/static/GCC_Project/output/queue.o
LOAD /sdcard/Download/codes/arm/static/GCC_Project/output/s3x_clock.o
LOAD /sdcard/Download/codes/arm/static/GCC_Project/output/s3x_clock_hal.o
LOAD /sdcard/Download/codes/arm/static/GCC_Project/output/s3x_cpuload.o
LOAD /sdcard/Download/codes/arm/static/GCC_Project/output/s3x_dfs.o
LOAD /sdcard/Download/codes/arm/static/GCC_Project/output/s3x_lpm.o
LOAD /sdcard/Download/codes/arm/static/GCC_Project/output/s3x_pi.o
LOAD /sdcard/Download/codes/arm/static/GCC_Project/output/s3x_pwrcfg.o
LOAD /sdcard/Download/codes/arm/static/GCC_Project/output/s3x_qos.o
LOAD /sdcard/Download/codes/arm/static/GCC_Project/output/sec_debug.o
LOAD /sdcard/Download/codes/arm/static/GCC_Project/output/spi_flash.o
LOAD /sdcard/Download/codes/arm/static/GCC_Project/output/startup_EOSS3B_GCC.o
LOAD /sdcard/Download/codes/arm/static/GCC_Project/output/stream_buffer.o
LOAD /sdcard/Download/codes/arm/static/GCC_Project/output/tasks.o
LOAD /sdcard/Download/codes/arm/static/GCC_Project/output/timers.o
LOAD /sdcard/Download/codes/arm/static/GCC_Project/output/vectors_CM4F_gcc.o
LOAD /sdcard/Download/codes/arm/static/GCC_Project/output/watchdog.o
LOAD /usr/lib/gcc/arm-none-eabi/8.3.1/../../../arm-none-eabi/lib/thumb/v7e-m+fp/hard/libm.a
LOAD /data/data/com.termux/files/home/pygmy-dev/pygmy-sdk/Libraries/CMSIS/lib/GCC/libarm_cortexM4lf_math.a
START GROUP
LOAD /usr/lib/gcc/arm-none-eabi/8.3.1/thumb/v7e-m+fp/hard/libgcc.a
LOAD /usr/lib/gcc/arm-none-eabi/8.3.1/../../../arm-none-eabi/lib/thumb/v7e-m+fp/hard/libg_nano.a
LOAD /usr/lib/gcc/arm-none-eabi/8.3.1/../../../arm-none-eabi/lib/thumb/v7e-m+fp/hard/libc_nano.a
END GROUP
START GROUP
LOAD /usr/lib/gcc/arm-none-eabi/8.3.1/thumb/v7e-m+fp/hard/libgcc.a
LOAD /usr/lib/gcc/arm-none-eabi/8.3.1/../../../arm-none-eabi/lib/thumb/v7e-m+fp/hard/libc_nano.a
LOAD /usr/lib/gcc/arm-none-eabi/8.3.1/../../../arm-none-eabi/lib/thumb/v7e-m+fp/hard/libnosys.a
END GROUP
START GROUP
LOAD /usr/lib/gcc/arm-none-eabi/8.3.1/thumb/v7e-m+fp/hard/libgcc.a
LOAD /usr/lib/gcc/arm-none-eabi/8.3.1/../../../arm-none-eabi/lib/thumb/v7e-m+fp/hard/libc_nano.a
LOAD /usr/lib/gcc/arm-none-eabi/8.3.1/../../../arm-none-eabi/lib/thumb/v7e-m+fp/hard/libnosys.a
END GROUP
LOAD /usr/lib/gcc/arm-none-eabi/8.3.1/thumb/v7e-m+fp/hard/crtend.o
LOAD /usr/lib/gcc/arm-none-eabi/8.3.1/thumb/v7e-m+fp/hard/crtn.o

.text           0x0000000000000000     0x8c59
 *(.isr_vector)
 .isr_vector    0x0000000000000000      0x124 /sdcard/Download/codes/arm/static/GCC_Project/output/vectors_CM4F_gcc.o
                0x0000000000000000                __Vectors
 *(.text*)
 .text          0x0000000000000124       0x88 /usr/lib/gcc/arm-none-eabi/8.3.1/thumb/v7e-m+fp/hard/crtbegin.o
 .text          0x00000000000001ac       0x70 /usr/lib/gcc/arm-none-eabi/8.3.1/../../../arm-none-eabi/lib/thumb/v7e-m+fp/hard/crt0.o
                0x00000000000001ac                _stack_init
                0x00000000000001b4                _mainCRTStartup
                0x00000000000001b4                _start
 .text.SystemInit
                0x000000000000021c        0x2 /sdcard/Download/codes/arm/static/GCC_Project/output/Main.o
                0x000000000000021c                SystemInit
 *fill*         0x000000000000021e        0x2 
 .text.PyHal_GPIO_Set
                0x0000000000000220       0x34 /sdcard/Download/codes/arm/static/GCC_Project/output/Main.o
                0x0000000000000220                PyHal_GPIO_Set
 .text.LCD_setup
                0x0000000000000254       0x10 /sdcard/Download/codes/arm/static/GCC_Project/output/Main.o
                0x0000000000000254                LCD_setup
 .text.PulseEnableLine
                0x0000000000000264       0x1c /sdcard/Download/codes/arm/static/GCC_Project/output/Main.o
                0x0000000000000264                PulseEnableLine
 .text.SendNibble
                0x0000000000000280       0x5c /sdcard/Download/codes/arm/static/GCC_Project/output/Main.o
                0x0000000000000280                SendNibble
 .text.SendByte
                0x00000000000002dc       0x16 /sdcard/Download/codes/arm/static/GCC_Project/output/Main.o
                0x00000000000002dc                SendByte
 .text.LCD_Cmd  0x00000000000002f2       0x16 /sdcard/Download/codes/arm/static/GCC_Project/output/Main.o
                0x00000000000002f2                LCD_Cmd
 .text.LCD_Char
                0x0000000000000308       0x16 /sdcard/Download/codes/arm/static/GCC_Project/output/Main.o
                0x0000000000000308                LCD_Char
 .text.LCD_Init
                0x000000000000031e       0x32 /sdcard/Download/codes/arm/static/GCC_Project/output/Main.o
                0x000000000000031e                LCD_Init
 .text.LCD_Message
                0x0000000000000350        0x6 /sdcard/Download/codes/arm/static/GCC_Project/output/Main.o
                0x0000000000000350                LCD_Message
 .text.LCD_Integer
                0x0000000000000356       0x1c /sdcard/Download/codes/arm/static/GCC_Project/output/Main.o
                0x0000000000000356                LCD_Integer
 *fill*         0x0000000000000372        0x2 
 .text.startup.main
                0x0000000000000374       0xf8 /sdcard/Download/codes/arm/static/GCC_Project/output/Main.o
                0x0000000000000374                main
 .text._write   0x000000000000046c        0xe /sdcard/Download/codes/arm/static/GCC_Project/output/c_lib_retarget.o
                0x000000000000046c                _write
 .text._close   0x000000000000047a        0x6 /sdcard/Download/codes/arm/static/GCC_Project/output/c_lib_retarget.o
                0x000000000000047a                _close
 .text._lseek   0x0000000000000480        0x4 /sdcard/Download/codes/arm/static/GCC_Project/output/c_lib_retarget.o
                0x0000000000000480                _lseek
 .text._read    0x0000000000000484        0x4 /sdcard/Download/codes/arm/static/GCC_Project/output/c_lib_retarget.o
                0x0000000000000484                _read
 .text.do_str_fetch
                0x0000000000000488       0x38 /sdcard/Download/codes/arm/static/GCC_Project/output/cli_args.o
 .text.CLI_string_ptr_get_subcmd
                0x00000000000004c0       0x20 /sdcard/Download/codes/arm/static/GCC_Project/output/cli_args.o
                0x00000000000004c0                CLI_string_ptr_get_subcmd
 .text.CLI_numX_getshow_X
                0x00000000000004e0      0x178 /sdcard/Download/codes/arm/static/GCC_Project/output/cli_args.o
                0x00000000000004e0                CLI_numX_getshow_X
 .text.CLI_uint8_getshow
                0x0000000000000658        0x8 /sdcard/Download/codes/arm/static/GCC_Project/output/cli_args.o
                0x0000000000000658                CLI_uint8_getshow
 .text.append_key
                0x0000000000000660       0x30 /sdcard/Download/codes/arm/static/GCC_Project/output/cli_io.o
 .text.get_key_ignore_null
                0x0000000000000690       0x18 /sdcard/Download/codes/arm/static/GCC_Project/output/cli_io.o
 .text.CLI_getkey_peek
                0x00000000000006a8      0x110 /sdcard/Download/codes/arm/static/GCC_Project/output/cli_io.o
                0x00000000000006a8                CLI_getkey_peek
 .text.CLI_getkey
                0x00000000000007b8       0x30 /sdcard/Download/codes/arm/static/GCC_Project/output/cli_io.o
                0x00000000000007b8                CLI_getkey
 .text.CLI_col0_timestamp
                0x00000000000007e8       0x78 /sdcard/Download/codes/arm/static/GCC_Project/output/cli_io.o
                0x00000000000007e8                CLI_col0_timestamp
 .text.CLI_putc
                0x0000000000000860       0x4c /sdcard/Download/codes/arm/static/GCC_Project/output/cli_io.o
                0x0000000000000860                CLI_putc
 .text.CLI_puts_no_nl
                0x00000000000008ac       0x12 /sdcard/Download/codes/arm/static/GCC_Project/output/cli_io.o
                0x00000000000008ac                CLI_puts_no_nl
 *fill*         0x00000000000008be        0x2 
 .text.CLI_vprintf
                0x00000000000008c0       0x24 /sdcard/Download/codes/arm/static/GCC_Project/output/cli_io.o
                0x00000000000008c0                CLI_vprintf
 .text.CLI_printf
                0x00000000000008e4       0x1a /sdcard/Download/codes/arm/static/GCC_Project/output/cli_io.o
                0x00000000000008e4                CLI_printf
 *fill*         0x00000000000008fe        0x2 
 .text.handle_help
                0x0000000000000900       0xc4 /sdcard/Download/codes/arm/static/GCC_Project/output/cli_loop.o
 .text.CLI_cmd_stack_replace
                0x00000000000009c4       0x10 /sdcard/Download/codes/arm/static/GCC_Project/output/cli_loop.o
                0x00000000000009c4                CLI_cmd_stack_replace
 .text.CLI_cmd_stack_push
                0x00000000000009d4       0x30 /sdcard/Download/codes/arm/static/GCC_Project/output/cli_loop.o
                0x00000000000009d4                CLI_cmd_stack_push
 .text.CLI_cmd_stack_clear
                0x0000000000000a04       0x24 /sdcard/Download/codes/arm/static/GCC_Project/output/cli_loop.o
                0x0000000000000a04                CLI_cmd_stack_clear
 .text.CLI_cmd_stack_pop
                0x0000000000000a28       0x40 /sdcard/Download/codes/arm/static/GCC_Project/output/cli_loop.o
                0x0000000000000a28                CLI_cmd_stack_pop
 .text.handle_exit
                0x0000000000000a68       0x1c /sdcard/Download/codes/arm/static/GCC_Project/output/cli_loop.o
 .text.CLI_init
                0x0000000000000a84       0x24 /sdcard/Download/codes/arm/static/GCC_Project/output/cli_loop.o
                0x0000000000000a84                CLI_init
 .text.CLI_print_prompt
                0x0000000000000aa8       0x44 /sdcard/Download/codes/arm/static/GCC_Project/output/cli_loop.o
                0x0000000000000aa8                CLI_print_prompt
 .text.CLI_dispatch_subcmd
                0x0000000000000aec       0x84 /sdcard/Download/codes/arm/static/GCC_Project/output/cli_loop.o
                0x0000000000000aec                CLI_dispatch_subcmd
 .text.CLI_dispatch
                0x0000000000000b70       0xc0 /sdcard/Download/codes/arm/static/GCC_Project/output/cli_loop.o
 .text.CLI_submenu_handler
                0x0000000000000c30       0x30 /sdcard/Download/codes/arm/static/GCC_Project/output/cli_loop.o
                0x0000000000000c30                CLI_submenu_handler
 .text.CLI_verror
                0x0000000000000c60       0x40 /sdcard/Download/codes/arm/static/GCC_Project/output/cli_loop.o
                0x0000000000000c60                CLI_verror
 .text.CLI_rx_byte
                0x0000000000000ca0       0xe8 /sdcard/Download/codes/arm/static/GCC_Project/output/cli_loop.o
                0x0000000000000ca0                CLI_rx_byte
 .text.CLI_is_more_args
                0x0000000000000d88       0x14 /sdcard/Download/codes/arm/static/GCC_Project/output/cli_misc.o
                0x0000000000000d88                CLI_is_more_args
 .text.CLI_error
                0x0000000000000d9c       0x1a /sdcard/Download/codes/arm/static/GCC_Project/output/cli_misc.o
                0x0000000000000d9c                CLI_error
 *fill*         0x0000000000000db6        0x2 
 .text.CLI_error_missing_parameter
                0x0000000000000db8        0xc /sdcard/Download/codes/arm/static/GCC_Project/output/cli_misc.o
                0x0000000000000db8                CLI_error_missing_parameter
 .text.CLI_error_not_a_number
                0x0000000000000dc4       0x10 /sdcard/Download/codes/arm/static/GCC_Project/output/cli_misc.o
                0x0000000000000dc4                CLI_error_not_a_number
 .text.CLI_task
                0x0000000000000dd4       0x54 /sdcard/Download/codes/arm/static/GCC_Project/output/cli_platform.o
                0x0000000000000dd4                CLI_task
 .text.CLI_time_now
                0x0000000000000e28        0x4 /sdcard/Download/codes/arm/static/GCC_Project/output/cli_platform.o
                0x0000000000000e28                CLI_time_now
 .text.CLI_beep
                0x0000000000000e2c        0x6 /sdcard/Download/codes/arm/static/GCC_Project/output/cli_platform.o
                0x0000000000000e2c                CLI_beep
 .text.CLI_timeout_expired
                0x0000000000000e32       0x22 /sdcard/Download/codes/arm/static/GCC_Project/output/cli_platform.o
                0x0000000000000e32                CLI_timeout_expired
 .text.CLI_putc_raw
                0x0000000000000e54        0x8 /sdcard/Download/codes/arm/static/GCC_Project/output/cli_platform.o
                0x0000000000000e54                CLI_putc_raw
 .text.CLI_getkey_raw
                0x0000000000000e5c       0x3c /sdcard/Download/codes/arm/static/GCC_Project/output/cli_platform.o
                0x0000000000000e5c                CLI_getkey_raw
 .text.CLI_start_task
                0x0000000000000e98       0x58 /sdcard/Download/codes/arm/static/GCC_Project/output/cli_platform.o
                0x0000000000000e98                CLI_start_task
 .text.__debug_lockup
                0x0000000000000ef0       0x14 /sdcard/Download/codes/arm/static/GCC_Project/output/dbg_uart.o
 .text._semihost_write
                0x0000000000000f04       0x54 /sdcard/Download/codes/arm/static/GCC_Project/output/dbg_uart.o
                0x0000000000000f04                _semihost_write
 .text.dbg_ch_raw
                0x0000000000000f58       0x74 /sdcard/Download/codes/arm/static/GCC_Project/output/dbg_uart.o
                0x0000000000000f58                dbg_ch_raw
 .text.dbg_nl   0x0000000000000fcc       0x12 /sdcard/Download/codes/arm/static/GCC_Project/output/dbg_uart.o
                0x0000000000000fcc                dbg_nl
 .text.dbg_ch   0x0000000000000fde        0xc /sdcard/Download/codes/arm/static/GCC_Project/output/dbg_uart.o
                0x0000000000000fde                dbg_ch
 .text.dbg_hex4
                0x0000000000000fea       0x14 /sdcard/Download/codes/arm/static/GCC_Project/output/dbg_uart.o
 .text.dbg_hex8
                0x0000000000000ffe       0x14 /sdcard/Download/codes/arm/static/GCC_Project/output/dbg_uart.o
                0x0000000000000ffe                dbg_hex8
 .text.dbg_hex16
                0x0000000000001012       0x14 /sdcard/Download/codes/arm/static/GCC_Project/output/dbg_uart.o
                0x0000000000001012                dbg_hex16
 .text.dbg_hex32
                0x0000000000001026       0x14 /sdcard/Download/codes/arm/static/GCC_Project/output/dbg_uart.o
                0x0000000000001026                dbg_hex32
 .text._dbg_int
                0x000000000000103a       0x20 /sdcard/Download/codes/arm/static/GCC_Project/output/dbg_uart.o
 .text.dbg_memdumpx
                0x000000000000105a       0xea /sdcard/Download/codes/arm/static/GCC_Project/output/dbg_uart.o
 .text.dbg_str  0x0000000000001144       0x84 /sdcard/Download/codes/arm/static/GCC_Project/output/dbg_uart.o
                0x0000000000001144                dbg_str
 .text._dbg_str_xxx
                0x00000000000011c8       0x16 /sdcard/Download/codes/arm/static/GCC_Project/output/dbg_uart.o
 .text.dbg_str_hexXX
                0x00000000000011de       0x22 /sdcard/Download/codes/arm/static/GCC_Project/output/dbg_uart.o
 .text.dbg_int  0x0000000000001200       0x24 /sdcard/Download/codes/arm/static/GCC_Project/output/dbg_uart.o
                0x0000000000001200                dbg_int
 .text.dbg_str_str
                0x0000000000001224       0x16 /sdcard/Download/codes/arm/static/GCC_Project/output/dbg_uart.o
                0x0000000000001224                dbg_str_str
 .text.dbg_str_int
                0x000000000000123a       0x16 /sdcard/Download/codes/arm/static/GCC_Project/output/dbg_uart.o
                0x000000000000123a                dbg_str_int
 .text.dbg_str_hex32
                0x0000000000001250        0xc /sdcard/Download/codes/arm/static/GCC_Project/output/dbg_uart.o
                0x0000000000001250                dbg_str_hex32
 .text.dbg_fatal_error
                0x000000000000125c       0x12 /sdcard/Download/codes/arm/static/GCC_Project/output/dbg_uart.o
                0x000000000000125c                dbg_fatal_error
 .text.dbg_fatal_error_int
                0x000000000000126e        0xe /sdcard/Download/codes/arm/static/GCC_Project/output/dbg_uart.o
                0x000000000000126e                dbg_fatal_error_int
 .text.dbg_memdump32
                0x000000000000127c       0x1e /sdcard/Download/codes/arm/static/GCC_Project/output/dbg_uart.o
                0x000000000000127c                dbg_memdump32
 *fill*         0x000000000000129a        0x2 
 .text.HAL_GPIO_Write
                0x000000000000129c       0x28 /sdcard/Download/codes/arm/static/GCC_Project/output/eoss3_hal_gpio.o
                0x000000000000129c                HAL_GPIO_Write
 .text.HAL_PAD_Config
                0x00000000000012c4      0x17c /sdcard/Download/codes/arm/static/GCC_Project/output/eoss3_hal_pad_config.o
                0x00000000000012c4                HAL_PAD_Config
 .text.configure_s3_pads
                0x0000000000001440       0x1a /sdcard/Download/codes/arm/static/GCC_Project/output/eoss3_hal_pad_config.o
                0x0000000000001440                configure_s3_pads
 *fill*         0x000000000000145a        0x2 
 .text.eoss3_rtc_enable_irq
                0x000000000000145c       0x28 /sdcard/Download/codes/arm/static/GCC_Project/output/eoss3_hal_rtc.o
 .text.write_rtc_reg
                0x0000000000001484       0x18 /sdcard/Download/codes/arm/static/GCC_Project/output/eoss3_hal_rtc.o
 .text.__rtc_setup_alarm.isra.0
                0x000000000000149c       0x44 /sdcard/Download/codes/arm/static/GCC_Project/output/eoss3_hal_rtc.o
 .text.HAL_RTC_ISR
                0x00000000000014e0       0x24 /sdcard/Download/codes/arm/static/GCC_Project/output/eoss3_hal_rtc.o
                0x00000000000014e0                HAL_RTC_ISR
 .text.unlock_spi1_bus
                0x0000000000001504       0x58 /sdcard/Download/codes/arm/static/GCC_Project/output/eoss3_hal_spi.o
                0x0000000000001504                unlock_spi1_bus
 .text.SPI_DMA_Complete
                0x000000000000155c       0x88 /sdcard/Download/codes/arm/static/GCC_Project/output/eoss3_hal_spi.o
                0x000000000000155c                SPI_DMA_Complete
 .text.HAL_SPI_IRQHandler
                0x00000000000015e4       0x6c /sdcard/Download/codes/arm/static/GCC_Project/output/eoss3_hal_spi.o
                0x00000000000015e4                HAL_SPI_IRQHandler
 .text.HAL_Delay_Init
                0x0000000000001650       0x54 /sdcard/Download/codes/arm/static/GCC_Project/output/eoss3_hal_timer.o
                0x0000000000001650                HAL_Delay_Init
 .text.HAL_DelayUSec
                0x00000000000016a4       0x28 /sdcard/Download/codes/arm/static/GCC_Project/output/eoss3_hal_timer.o
                0x00000000000016a4                HAL_DelayUSec
 .text.HAL_Timer_ISR
                0x00000000000016cc       0x88 /sdcard/Download/codes/arm/static/GCC_Project/output/eoss3_hal_timer.o
                0x00000000000016cc                HAL_Timer_ISR
 .text.uart_baud_rate
                0x0000000000001754       0x60 /sdcard/Download/codes/arm/static/GCC_Project/output/eoss3_hal_uart.o
 .text.is_hw_uart_enabled
                0x00000000000017b4       0x20 /sdcard/Download/codes/arm/static/GCC_Project/output/eoss3_hal_uart.o
 .text.uart_disable
                0x00000000000017d4       0x1c /sdcard/Download/codes/arm/static/GCC_Project/output/eoss3_hal_uart.o
 .text.uart_lpm_callback
                0x00000000000017f0       0x70 /sdcard/Download/codes/arm/static/GCC_Project/output/eoss3_hal_uart.o
 .text.uart_init
                0x0000000000001860      0x168 /sdcard/Download/codes/arm/static/GCC_Project/output/eoss3_hal_uart.o
                0x0000000000001860                uart_init
 .text.uart_isr_handler
                0x00000000000019c8       0x84 /sdcard/Download/codes/arm/static/GCC_Project/output/eoss3_hal_uart.o
                0x00000000000019c8                uart_isr_handler
 .text.uart_tx_raw
                0x0000000000001a4c       0x38 /sdcard/Download/codes/arm/static/GCC_Project/output/eoss3_hal_uart.o
                0x0000000000001a4c                uart_tx_raw
 .text.uart_tx  0x0000000000001a84       0x1c /sdcard/Download/codes/arm/static/GCC_Project/output/eoss3_hal_uart.o
                0x0000000000001a84                uart_tx
 .text.uart_tx_buf
                0x0000000000001aa0       0x1a /sdcard/Download/codes/arm/static/GCC_Project/output/eoss3_hal_uart.o
                0x0000000000001aa0                uart_tx_buf
 *fill*         0x0000000000001aba        0x2 
 .text.uart_rx_wait
                0x0000000000001abc       0x34 /sdcard/Download/codes/arm/static/GCC_Project/output/eoss3_hal_uart.o
                0x0000000000001abc                uart_rx_wait
 .text.uart_rx_available
                0x0000000000001af0       0x34 /sdcard/Download/codes/arm/static/GCC_Project/output/eoss3_hal_uart.o
                0x0000000000001af0                uart_rx_available
 .text.uart_rx  0x0000000000001b24       0x60 /sdcard/Download/codes/arm/static/GCC_Project/output/eoss3_hal_uart.o
                0x0000000000001b24                uart_rx
 .text.WDT_ISR  0x0000000000001b84       0x8c /sdcard/Download/codes/arm/static/GCC_Project/output/eoss3_hal_wdt.o
                0x0000000000001b84                WDT_ISR
 .text.spurious_interrupt
                0x0000000000001c10        0xc /sdcard/Download/codes/arm/static/GCC_Project/output/exceptions.o
 .text.prvGetRegistersFromStack
                0x0000000000001c1c       0xf0 /sdcard/Download/codes/arm/static/GCC_Project/output/exceptions.o
                0x0000000000001c1c                prvGetRegistersFromStack
 .text.HardFault_Handler
                0x0000000000001d0c       0x16 /sdcard/Download/codes/arm/static/GCC_Project/output/exceptions.o
                0x0000000000001d0c                HardFault_Handler
 .text.NMI_Handler
                0x0000000000001d22        0x6 /sdcard/Download/codes/arm/static/GCC_Project/output/exceptions.o
                0x0000000000001d22                NMI_Handler
 .text.MemManage_Handler
                0x0000000000001d28        0x6 /sdcard/Download/codes/arm/static/GCC_Project/output/exceptions.o
                0x0000000000001d28                MemManage_Handler
 .text.BusFault_Handler
                0x0000000000001d2e        0x6 /sdcard/Download/codes/arm/static/GCC_Project/output/exceptions.o
                0x0000000000001d2e                BusFault_Handler
 .text.UsageFault_Handler
                0x0000000000001d34        0x6 /sdcard/Download/codes/arm/static/GCC_Project/output/exceptions.o
                0x0000000000001d34                UsageFault_Handler
 .text.DebugMon_Handler
                0x0000000000001d3a        0x6 /sdcard/Download/codes/arm/static/GCC_Project/output/exceptions.o
                0x0000000000001d3a                DebugMon_Handler
 .text.Uart_Handler
                0x0000000000001d40       0x50 /sdcard/Download/codes/arm/static/GCC_Project/output/exceptions.o
                0x0000000000001d40                Uart_Handler
 .text.Timer_Handler
                0x0000000000001d90       0x24 /sdcard/Download/codes/arm/static/GCC_Project/output/exceptions.o
                0x0000000000001d90                Timer_Handler
 .text.CpuWdtInt_Handler
                0x0000000000001db4       0x24 /sdcard/Download/codes/arm/static/GCC_Project/output/exceptions.o
                0x0000000000001db4                CpuWdtInt_Handler
 .text.CpuWdtRst_Handler
                0x0000000000001dd8        0x6 /sdcard/Download/codes/arm/static/GCC_Project/output/exceptions.o
                0x0000000000001dd8                CpuWdtRst_Handler
 .text.BusTimeout_Handler
                0x0000000000001dde        0x6 /sdcard/Download/codes/arm/static/GCC_Project/output/exceptions.o
                0x0000000000001dde                BusTimeout_Handler
 .text.Fpu_Handler
                0x0000000000001de4        0x6 /sdcard/Download/codes/arm/static/GCC_Project/output/exceptions.o
                0x0000000000001de4                Fpu_Handler
 *fill*         0x0000000000001dea        0x2 
 .text.Pkfb_Handler
                0x0000000000001dec       0x10 /sdcard/Download/codes/arm/static/GCC_Project/output/exceptions.o
                0x0000000000001dec                Pkfb_Handler
 .text.I2s_Handler
                0x0000000000001dfc        0x6 /sdcard/Download/codes/arm/static/GCC_Project/output/exceptions.o
                0x0000000000001dfc                I2s_Handler
 .text.Audio_Handler
                0x0000000000001e02        0x6 /sdcard/Download/codes/arm/static/GCC_Project/output/exceptions.o
                0x0000000000001e02                Audio_Handler
 .text.SpiMs_Handler
                0x0000000000001e08       0x5c /sdcard/Download/codes/arm/static/GCC_Project/output/exceptions.o
                0x0000000000001e08                SpiMs_Handler
 .text.CfgDma_Handler
                0x0000000000001e64       0x28 /sdcard/Download/codes/arm/static/GCC_Project/output/exceptions.o
                0x0000000000001e64                CfgDma_Handler
 .text.PmuTimer_Handler
                0x0000000000001e8c        0x2 /sdcard/Download/codes/arm/static/GCC_Project/output/exceptions.o
                0x0000000000001e8c                PmuTimer_Handler
 .text.AdcDone_Handler
                0x0000000000001e8e        0x8 /sdcard/Download/codes/arm/static/GCC_Project/output/exceptions.o
                0x0000000000001e8e                AdcDone_Handler
 *fill*         0x0000000000001e96        0x2 
 .text.RtcAlarm_Handler
                0x0000000000001e98       0x1c /sdcard/Download/codes/arm/static/GCC_Project/output/exceptions.o
                0x0000000000001e98                RtcAlarm_Handler
 .text.ResetInt_Handler
                0x0000000000001eb4        0x8 /sdcard/Download/codes/arm/static/GCC_Project/output/exceptions.o
                0x0000000000001eb4                ResetInt_Handler
 .text.Ffe0_Handler
                0x0000000000001ebc       0x18 /sdcard/Download/codes/arm/static/GCC_Project/output/exceptions.o
                0x0000000000001ebc                Ffe0_Handler
 .text.FbMsg_Handler
                0x0000000000001ed4       0x6c /sdcard/Download/codes/arm/static/GCC_Project/output/exceptions.o
                0x0000000000001ed4                FbMsg_Handler
 .text.SensorGpio_Handler
                0x0000000000001f40        0x8 /sdcard/Download/codes/arm/static/GCC_Project/output/exceptions.o
                0x0000000000001f40                SensorGpio_Handler
 .text.M4SramSleep_Handler
                0x0000000000001f48        0x8 /sdcard/Download/codes/arm/static/GCC_Project/output/exceptions.o
                0x0000000000001f48                M4SramSleep_Handler
 .text.LDO30_PG_Handler
                0x0000000000001f50        0x8 /sdcard/Download/codes/arm/static/GCC_Project/output/exceptions.o
                0x0000000000001f50                LDO30_PG_Handler
 .text.LDO50_PG_Handler
                0x0000000000001f58        0x8 /sdcard/Download/codes/arm/static/GCC_Project/output/exceptions.o
                0x0000000000001f58                LDO50_PG_Handler
 .text.DMIC_Voice_Det_Handler
                0x0000000000001f60        0x8 /sdcard/Download/codes/arm/static/GCC_Project/output/exceptions.o
                0x0000000000001f60                DMIC_Voice_Det_Handler
 .text.ApPDMClkOn_Handler
                0x0000000000001f68        0x8 /sdcard/Download/codes/arm/static/GCC_Project/output/exceptions.o
                0x0000000000001f68                ApPDMClkOn_Handler
 .text.ApPDMClkOff_Handler
                0x0000000000001f70        0x8 /sdcard/Download/codes/arm/static/GCC_Project/output/exceptions.o
                0x0000000000001f70                ApPDMClkOff_Handler
 .text.Dmac0BlkDone_Handler
                0x0000000000001f78        0x8 /sdcard/Download/codes/arm/static/GCC_Project/output/exceptions.o
                0x0000000000001f78                Dmac0BlkDone_Handler
 .text.Dmac0BufDone_Handler
                0x0000000000001f80        0x8 /sdcard/Download/codes/arm/static/GCC_Project/output/exceptions.o
                0x0000000000001f80                Dmac0BufDone_Handler
 .text.Dmac1BlkDone_Handler
                0x0000000000001f88        0x8 /sdcard/Download/codes/arm/static/GCC_Project/output/exceptions.o
                0x0000000000001f88                Dmac1BlkDone_Handler
 .text.Dmac1BufDone_Handler
                0x0000000000001f90        0x8 /sdcard/Download/codes/arm/static/GCC_Project/output/exceptions.o
                0x0000000000001f90                Dmac1BufDone_Handler
 .text.Sdma0Done_Handler
                0x0000000000001f98        0x8 /sdcard/Download/codes/arm/static/GCC_Project/output/exceptions.o
                0x0000000000001f98                Sdma0Done_Handler
 .text.Sdma1Done_Handler
                0x0000000000001fa0        0x8 /sdcard/Download/codes/arm/static/GCC_Project/output/exceptions.o
                0x0000000000001fa0                Sdma1Done_Handler
 .text.Sdma2Done_Handler
                0x0000000000001fa8        0x8 /sdcard/Download/codes/arm/static/GCC_Project/output/exceptions.o
                0x0000000000001fa8                Sdma2Done_Handler
 .text.Sdma3Done_Handler
                0x0000000000001fb0        0x8 /sdcard/Download/codes/arm/static/GCC_Project/output/exceptions.o
                0x0000000000001fb0                Sdma3Done_Handler
 .text.Sdma4Done_Handler
                0x0000000000001fb8        0x8 /sdcard/Download/codes/arm/static/GCC_Project/output/exceptions.o
                0x0000000000001fb8                Sdma4Done_Handler
 .text.Sdma5Done_Handler
                0x0000000000001fc0        0x8 /sdcard/Download/codes/arm/static/GCC_Project/output/exceptions.o
                0x0000000000001fc0                Sdma5Done_Handler
 .text.Sdma6Done_Handler
                0x0000000000001fc8        0x8 /sdcard/Download/codes/arm/static/GCC_Project/output/exceptions.o
                0x0000000000001fc8                Sdma6Done_Handler
 .text.Sdma7Done_Handler
                0x0000000000001fd0        0x8 /sdcard/Download/codes/arm/static/GCC_Project/output/exceptions.o
                0x0000000000001fd0                Sdma7Done_Handler
 .text.Sdma8Done_Handler
                0x0000000000001fd8        0x8 /sdcard/Download/codes/arm/static/GCC_Project/output/exceptions.o
                0x0000000000001fd8                Sdma8Done_Handler
 .text.Sdma9Done_Handler
                0x0000000000001fe0        0x8 /sdcard/Download/codes/arm/static/GCC_Project/output/exceptions.o
                0x0000000000001fe0                Sdma9Done_Handler
 .text.Sdma10Done_Handler
                0x0000000000001fe8        0x8 /sdcard/Download/codes/arm/static/GCC_Project/output/exceptions.o
                0x0000000000001fe8                Sdma10Done_Handler
 .text.Sdma11Done_Handler
                0x0000000000001ff0        0x8 /sdcard/Download/codes/arm/static/GCC_Project/output/exceptions.o
                0x0000000000001ff0                Sdma11Done_Handler
 .text.SdmaErr_Handler
                0x0000000000001ff8        0x8 /sdcard/Download/codes/arm/static/GCC_Project/output/exceptions.o
                0x0000000000001ff8                SdmaErr_Handler
 .text.I2S_SlvM4TxOr_Handler
                0x0000000000002000        0x8 /sdcard/Download/codes/arm/static/GCC_Project/output/exceptions.o
                0x0000000000002000                I2S_SlvM4TxOr_Handler
 .text.SRAM_128KB_Handler
                0x0000000000002008        0x8 /sdcard/Download/codes/arm/static/GCC_Project/output/exceptions.o
                0x0000000000002008                SRAM_128KB_Handler
 .text.LPSD_Voice_Det_Handler
                0x0000000000002010        0x8 /sdcard/Download/codes/arm/static/GCC_Project/output/exceptions.o
                0x0000000000002010                LPSD_Voice_Det_Handler
 .text.FfeWdt_Handler
                0x0000000000002018        0x8 /sdcard/Download/codes/arm/static/GCC_Project/output/exceptions.o
                0x0000000000002018                FfeWdt_Handler
 .text.ApBoot_Handler
                0x0000000000002020        0x8 /sdcard/Download/codes/arm/static/GCC_Project/output/exceptions.o
                0x0000000000002020                ApBoot_Handler
 .text.SwInt2_Handler
                0x0000000000002028        0x8 /sdcard/Download/codes/arm/static/GCC_Project/output/exceptions.o
                0x0000000000002028                SwInt2_Handler
 .text.SwInt1_Handler
                0x0000000000002030       0x24 /sdcard/Download/codes/arm/static/GCC_Project/output/exceptions.o
                0x0000000000002030                SwInt1_Handler
 .text.Ffe0Msg_Handler
                0x0000000000002054        0x8 /sdcard/Download/codes/arm/static/GCC_Project/output/exceptions.o
                0x0000000000002054                Ffe0Msg_Handler
 .text.lpsdVoiceOffHandler
                0x000000000000205c        0x8 /sdcard/Download/codes/arm/static/GCC_Project/output/exceptions.o
                0x000000000000205c                lpsdVoiceOffHandler
 .text.dmicVoiceOffHandler
                0x0000000000002064        0x8 /sdcard/Download/codes/arm/static/GCC_Project/output/exceptions.o
                0x0000000000002064                dmicVoiceOffHandler
 .text.vApplicationMallocFailedHook
                0x000000000000206c       0x24 /sdcard/Download/codes/arm/static/GCC_Project/output/exceptions.o
                0x000000000000206c                vApplicationMallocFailedHook
 .text.vApplicationStackOverflowHook
                0x0000000000002090       0x24 /sdcard/Download/codes/arm/static/GCC_Project/output/exceptions.o
                0x0000000000002090                vApplicationStackOverflowHook
 .text.vApplicationTickHook
                0x00000000000020b4        0x2 /sdcard/Download/codes/arm/static/GCC_Project/output/exceptions.o
                0x00000000000020b4                vApplicationTickHook
 *fill*         0x00000000000020b6        0x2 
 .text.prvInsertBlockIntoFreeList
                0x00000000000020b8       0x74 /sdcard/Download/codes/arm/static/GCC_Project/output/heap_4.o
 .text.pvPortMalloc
                0x000000000000212c      0x198 /sdcard/Download/codes/arm/static/GCC_Project/output/heap_4.o
                0x000000000000212c                pvPortMalloc
 .text.vPortFree
                0x00000000000022c4       0xa0 /sdcard/Download/codes/arm/static/GCC_Project/output/heap_4.o
                0x00000000000022c4                vPortFree
 .text.vListInitialise
                0x0000000000002364       0x16 /sdcard/Download/codes/arm/static/GCC_Project/output/list.o
                0x0000000000002364                vListInitialise
 .text.vListInitialiseItem
                0x000000000000237a        0x6 /sdcard/Download/codes/arm/static/GCC_Project/output/list.o
                0x000000000000237a                vListInitialiseItem
 .text.vListInsertEnd
                0x0000000000002380       0x18 /sdcard/Download/codes/arm/static/GCC_Project/output/list.o
                0x0000000000002380                vListInsertEnd
 .text.vListInsert
                0x0000000000002398       0x2e /sdcard/Download/codes/arm/static/GCC_Project/output/list.o
                0x0000000000002398                vListInsert
 .text.uxListRemove
                0x00000000000023c6       0x20 /sdcard/Download/codes/arm/static/GCC_Project/output/list.o
                0x00000000000023c6                uxListRemove
 *fill*         0x00000000000023e6        0x2 
 .text.set_gpio_input
                0x00000000000023e8       0x34 /sdcard/Download/codes/arm/static/GCC_Project/output/main_dbg_cli_menu.o
 .text.set_gpio_output
                0x000000000000241c       0x60 /sdcard/Download/codes/arm/static/GCC_Project/output/main_dbg_cli_menu.o
 .text.get_gpio_value
                0x000000000000247c       0x50 /sdcard/Download/codes/arm/static/GCC_Project/output/main_dbg_cli_menu.o
 .text.prvTaskExitError
                0x00000000000024cc       0x50 /sdcard/Download/codes/arm/static/GCC_Project/output/port.o
 .text.pxPortInitialiseStack
                0x000000000000251c       0x2c /sdcard/Download/codes/arm/static/GCC_Project/output/port.o
                0x000000000000251c                pxPortInitialiseStack
 *fill*         0x0000000000002548        0x8 
 .text.SVC_Handler
                0x0000000000002550       0x24 /sdcard/Download/codes/arm/static/GCC_Project/output/port.o
                0x0000000000002550                SVC_Handler
 .text.vPortEnterCritical
                0x0000000000002574       0x58 /sdcard/Download/codes/arm/static/GCC_Project/output/port.o
                0x0000000000002574                vPortEnterCritical
 .text.vPortExitCritical
                0x00000000000025cc       0x3c /sdcard/Download/codes/arm/static/GCC_Project/output/port.o
                0x00000000000025cc                vPortExitCritical
 *fill*         0x0000000000002608        0x8 
 .text.PendSV_Handler
                0x0000000000002610       0x64 /sdcard/Download/codes/arm/static/GCC_Project/output/port.o
                0x0000000000002610                PendSV_Handler
 .text.xPortSysTickHandler
                0x0000000000002674       0x2c /sdcard/Download/codes/arm/static/GCC_Project/output/port.o
                0x0000000000002674                xPortSysTickHandler
 .text.vPortValidateInterruptPriority
                0x00000000000026a0       0x7c /sdcard/Download/codes/arm/static/GCC_Project/output/port.o
                0x00000000000026a0                vPortValidateInterruptPriority
 .text.system_init
                0x000000000000271c       0x6c /sdcard/Download/codes/arm/static/GCC_Project/output/qf_hardwaresetup.o
                0x000000000000271c                system_init
 .text.qf_hardwareSetup
                0x0000000000002788       0x74 /sdcard/Download/codes/arm/static/GCC_Project/output/qf_hardwaresetup.o
                0x0000000000002788                qf_hardwareSetup
 .text.prvIsQueueEmpty
                0x00000000000027fc       0x16 /sdcard/Download/codes/arm/static/GCC_Project/output/queue.o
 .text.prvCopyDataToQueue
                0x0000000000002812       0x78 /sdcard/Download/codes/arm/static/GCC_Project/output/queue.o
 .text.prvCopyDataFromQueue
                0x000000000000288a       0x2a /sdcard/Download/codes/arm/static/GCC_Project/output/queue.o
 .text.prvUnlockQueue
                0x00000000000028b4       0x70 /sdcard/Download/codes/arm/static/GCC_Project/output/queue.o
 .text.xQueueGenericReset
                0x0000000000002924       0x90 /sdcard/Download/codes/arm/static/GCC_Project/output/queue.o
                0x0000000000002924                xQueueGenericReset
 .text.xQueueGenericCreate
                0x00000000000029b4       0x74 /sdcard/Download/codes/arm/static/GCC_Project/output/queue.o
                0x00000000000029b4                xQueueGenericCreate
 .text.xQueueGenericSend
                0x0000000000002a28      0x198 /sdcard/Download/codes/arm/static/GCC_Project/output/queue.o
                0x0000000000002a28                xQueueGenericSend
 .text.xQueueGenericSendFromISR
                0x0000000000002bc0       0xf0 /sdcard/Download/codes/arm/static/GCC_Project/output/queue.o
                0x0000000000002bc0                xQueueGenericSendFromISR
 .text.xQueueGenericSendFromISRDebug
                0x0000000000002cb0       0x30 /sdcard/Download/codes/arm/static/GCC_Project/output/queue.o
                0x0000000000002cb0                xQueueGenericSendFromISRDebug
 .text.xQueueGiveFromISR
                0x0000000000002ce0       0xdc /sdcard/Download/codes/arm/static/GCC_Project/output/queue.o
                0x0000000000002ce0                xQueueGiveFromISR
 .text.xQueueReceive
                0x0000000000002dbc      0x160 /sdcard/Download/codes/arm/static/GCC_Project/output/queue.o
                0x0000000000002dbc                xQueueReceive
 .text.xQueueSemaphoreTake
                0x0000000000002f1c      0x1b0 /sdcard/Download/codes/arm/static/GCC_Project/output/queue.o
                0x0000000000002f1c                xQueueSemaphoreTake
 .text.xQueuePeek
                0x00000000000030cc      0x160 /sdcard/Download/codes/arm/static/GCC_Project/output/queue.o
                0x00000000000030cc                xQueuePeek
 .text.uxQueueMessagesWaiting
                0x000000000000322c       0x38 /sdcard/Download/codes/arm/static/GCC_Project/output/queue.o
                0x000000000000322c                uxQueueMessagesWaiting
 .text.vQueueAddToRegistry
                0x0000000000003264       0x24 /sdcard/Download/codes/arm/static/GCC_Project/output/queue.o
                0x0000000000003264                vQueueAddToRegistry
 .text.s3x_clkd_write_div
                0x0000000000003288       0xa8 /sdcard/Download/codes/arm/static/GCC_Project/output/s3x_clock.o
 .text.s3x_clkd_read_div
                0x0000000000003330       0x44 /sdcard/Download/codes/arm/static/GCC_Project/output/s3x_clock.o
 .text.s3x_clkd_cal_div.part.1
                0x0000000000003374       0x30 /sdcard/Download/codes/arm/static/GCC_Project/output/s3x_clock.o
 .text.S3x_Id_To_Domain
                0x00000000000033a4       0x1c /sdcard/Download/codes/arm/static/GCC_Project/output/s3x_clock.o
                0x00000000000033a4                S3x_Id_To_Domain
 .text.S3x_Clkd_Get_Cpu_Rate
                0x00000000000033c0        0xc /sdcard/Download/codes/arm/static/GCC_Project/output/s3x_clock.o
                0x00000000000033c0                S3x_Clkd_Get_Cpu_Rate
 .text.s3x_clkd_update_div_val
                0x00000000000033cc       0x4c /sdcard/Download/codes/arm/static/GCC_Project/output/s3x_clock.o
                0x00000000000033cc                s3x_clkd_update_div_val
 .text.s3x_clkd_update_fd_rate
                0x0000000000003418        0xe /sdcard/Download/codes/arm/static/GCC_Project/output/s3x_clock.o
                0x0000000000003418                s3x_clkd_update_fd_rate
 *fill*         0x0000000000003426        0x2 
 .text.s3x_clkd_update_sd_div
                0x0000000000003428       0x5c /sdcard/Download/codes/arm/static/GCC_Project/output/s3x_clock.o
 .text.s3x_clkd_update_all_src_div
                0x0000000000003484       0xc8 /sdcard/Download/codes/arm/static/GCC_Project/output/s3x_clock.o
                0x0000000000003484                s3x_clkd_update_all_src_div
 .text.S3x_Clkd_Get_Hsosc_Rate
                0x000000000000354c       0x34 /sdcard/Download/codes/arm/static/GCC_Project/output/s3x_clock.o
                0x000000000000354c                S3x_Clkd_Get_Hsosc_Rate
 .text.S3x_Clkd_Change_Hsosc
                0x0000000000003580       0x70 /sdcard/Download/codes/arm/static/GCC_Project/output/s3x_clock.o
                0x0000000000003580                S3x_Clkd_Change_Hsosc
 .text.s3x_clkd_get_src_rate
                0x00000000000035f0       0x12 /sdcard/Download/codes/arm/static/GCC_Project/output/s3x_clock.o
                0x00000000000035f0                s3x_clkd_get_src_rate
 *fill*         0x0000000000003602        0x2 
 .text.s3x_clkd_get_div
                0x0000000000003604       0x74 /sdcard/Download/codes/arm/static/GCC_Project/output/s3x_clock.o
                0x0000000000003604                s3x_clkd_get_div
 .text.s3x_clkd_srate
                0x0000000000003678      0x134 /sdcard/Download/codes/arm/static/GCC_Project/output/s3x_clock.o
 .text.s3x_clkd_grate
                0x00000000000037ac       0x68 /sdcard/Download/codes/arm/static/GCC_Project/output/s3x_clock.o
 .text.s3x_clkd_set_src_div_st
                0x0000000000003814       0x4c /sdcard/Download/codes/arm/static/GCC_Project/output/s3x_clock.o
 .text.s3x_update_clk_rate
                0x0000000000003860       0xb0 /sdcard/Download/codes/arm/static/GCC_Project/output/s3x_clock.o
                0x0000000000003860                s3x_update_clk_rate
 .text.s3x_clkd_get_gate_mask_st
                0x0000000000003910       0x16 /sdcard/Download/codes/arm/static/GCC_Project/output/s3x_clock.o
                0x0000000000003910                s3x_clkd_get_gate_mask_st
 *fill*         0x0000000000003926        0x2 
 .text.s3x_clkd_set_gate_mask
                0x0000000000003928       0x50 /sdcard/Download/codes/arm/static/GCC_Project/output/s3x_clock.o
                0x0000000000003928                s3x_clkd_set_gate_mask
 .text.s3x_clkd_enable_gate
                0x0000000000003978       0x68 /sdcard/Download/codes/arm/static/GCC_Project/output/s3x_clock.o
 .text.s3x_clkd_disable_gate
                0x00000000000039e0       0x54 /sdcard/Download/codes/arm/static/GCC_Project/output/s3x_clock.o
 .text._S3x_Clk_Enable
                0x0000000000003a34       0xb8 /sdcard/Download/codes/arm/static/GCC_Project/output/s3x_clock.o
                0x0000000000003a34                _S3x_Clk_Enable
 .text._S3x_Clk_Disable
                0x0000000000003aec       0xc8 /sdcard/Download/codes/arm/static/GCC_Project/output/s3x_clock.o
                0x0000000000003aec                _S3x_Clk_Disable
 .text._S3x_Clk_Get_Status
                0x0000000000003bb4       0x2c /sdcard/Download/codes/arm/static/GCC_Project/output/s3x_clock.o
                0x0000000000003bb4                _S3x_Clk_Get_Status
 .text._S3x_Clk_Get_Rate
                0x0000000000003be0       0x28 /sdcard/Download/codes/arm/static/GCC_Project/output/s3x_clock.o
                0x0000000000003be0                _S3x_Clk_Get_Rate
 .text.S3x_Clk_Init
                0x0000000000003c08      0x15c /sdcard/Download/codes/arm/static/GCC_Project/output/s3x_clock.o
                0x0000000000003c08                S3x_Clk_Init
 .text.S3x_Clk_Enable
                0x0000000000003d64        0x4 /sdcard/Download/codes/arm/static/GCC_Project/output/s3x_clock_hal.o
                0x0000000000003d64                S3x_Clk_Enable
 .text.S3x_Clk_Disable
                0x0000000000003d68        0x4 /sdcard/Download/codes/arm/static/GCC_Project/output/s3x_clock_hal.o
                0x0000000000003d68                S3x_Clk_Disable
 .text.S3x_Clk_Get_Rate
                0x0000000000003d6c        0x4 /sdcard/Download/codes/arm/static/GCC_Project/output/s3x_clock_hal.o
                0x0000000000003d6c                S3x_Clk_Get_Rate
 .text.DFS_cpuload
                0x0000000000003d70       0x4c /sdcard/Download/codes/arm/static/GCC_Project/output/s3x_cpuload.o
                0x0000000000003d70                DFS_cpuload
 .text.DFS_resetsleepticks
                0x0000000000003dbc        0xc /sdcard/Download/codes/arm/static/GCC_Project/output/s3x_cpuload.o
                0x0000000000003dbc                DFS_resetsleepticks
 .text.DFS_UpdateTimer
                0x0000000000003dc8       0x5c /sdcard/Download/codes/arm/static/GCC_Project/output/s3x_dfs.o
 .text.DFS_StartTimer
                0x0000000000003e24       0x88 /sdcard/Download/codes/arm/static/GCC_Project/output/s3x_dfs.o
                0x0000000000003e24                DFS_StartTimer
 .text.S3x_Set_Policy
                0x0000000000003eac      0x108 /sdcard/Download/codes/arm/static/GCC_Project/output/s3x_dfs.o
                0x0000000000003eac                S3x_Set_Policy
 .text.S3x_get_max_rate_dfs_node
                0x0000000000003fb4       0x28 /sdcard/Download/codes/arm/static/GCC_Project/output/s3x_dfs.o
                0x0000000000003fb4                S3x_get_max_rate_dfs_node
 .text.S3x_Stepup_Policy
                0x0000000000003fdc       0x78 /sdcard/Download/codes/arm/static/GCC_Project/output/s3x_dfs.o
 .text.DFS_TimerCB
                0x0000000000004054        0xe /sdcard/Download/codes/arm/static/GCC_Project/output/s3x_dfs.o
 *fill*         0x0000000000004062        0x2 
 .text.DFS_Get_Curr_Policy
                0x0000000000004064        0xc /sdcard/Download/codes/arm/static/GCC_Project/output/s3x_dfs.o
                0x0000000000004064                DFS_Get_Curr_Policy
 .text.DFS_Initialize
                0x0000000000004070       0x14 /sdcard/Download/codes/arm/static/GCC_Project/output/s3x_dfs.o
                0x0000000000004070                DFS_Initialize
 .text.S3x_Register_Lpm_Cb
                0x0000000000004084       0x3c /sdcard/Download/codes/arm/static/GCC_Project/output/s3x_lpm.o
                0x0000000000004084                S3x_Register_Lpm_Cb
 .text.s3x_setup_systick_interrupt
                0x00000000000040c0       0x54 /sdcard/Download/codes/arm/static/GCC_Project/output/s3x_lpm.o
                0x00000000000040c0                s3x_setup_systick_interrupt
 .text.SysTick_Handler
                0x0000000000004114       0x12 /sdcard/Download/codes/arm/static/GCC_Project/output/s3x_lpm.o
                0x0000000000004114                SysTick_Handler
 *fill*         0x0000000000004126        0x2 
 .text.s3x_get_pi
                0x0000000000004128       0x20 /sdcard/Download/codes/arm/static/GCC_Project/output/s3x_pi.o
                0x0000000000004128                s3x_get_pi
 .text.s3x_get_pi_gindex
                0x0000000000004148       0x14 /sdcard/Download/codes/arm/static/GCC_Project/output/s3x_pi.o
                0x0000000000004148                s3x_get_pi_gindex
 .text.s3x_pi_get_st
                0x000000000000415c       0x24 /sdcard/Download/codes/arm/static/GCC_Project/output/s3x_pi.o
                0x000000000000415c                s3x_pi_get_st
 .text.s3x_pi_set_cfg_st
                0x0000000000004180       0x94 /sdcard/Download/codes/arm/static/GCC_Project/output/s3x_pi.o
                0x0000000000004180                s3x_pi_set_cfg_st
 .text.s3x_pi_set_active_st
                0x0000000000004214       0xa0 /sdcard/Download/codes/arm/static/GCC_Project/output/s3x_pi.o
                0x0000000000004214                s3x_pi_set_active_st
 .text.s3x_pi_get_clkg_st
                0x00000000000042b4       0x36 /sdcard/Download/codes/arm/static/GCC_Project/output/s3x_pi.o
                0x00000000000042b4                s3x_pi_get_clkg_st
 .text.s3x_pi_set_clkg_st
                0x00000000000042ea       0x26 /sdcard/Download/codes/arm/static/GCC_Project/output/s3x_pi.o
                0x00000000000042ea                s3x_pi_set_clkg_st
 .text.s3x_set_pi_state
                0x0000000000004310        0xc /sdcard/Download/codes/arm/static/GCC_Project/output/s3x_pi.o
                0x0000000000004310                s3x_set_pi_state
 .text.s3x_get_pi_init_state
                0x000000000000431c       0x18 /sdcard/Download/codes/arm/static/GCC_Project/output/s3x_pi.o
                0x000000000000431c                s3x_get_pi_init_state
 .text.S3x_pi_init
                0x0000000000004334       0x20 /sdcard/Download/codes/arm/static/GCC_Project/output/s3x_pi.o
                0x0000000000004334                S3x_pi_init
 .text.S3x_pwrcfg_init
                0x0000000000004354       0x2c /sdcard/Download/codes/arm/static/GCC_Project/output/s3x_pwrcfg.o
                0x0000000000004354                S3x_pwrcfg_init
 .text.S3x_get_qos_rate
                0x0000000000004380       0x38 /sdcard/Download/codes/arm/static/GCC_Project/output/s3x_qos.o
                0x0000000000004380                S3x_get_qos_rate
 .text.save_assert_info
                0x00000000000043b8       0x74 /sdcard/Download/codes/arm/static/GCC_Project/output/sec_debug.o
                0x00000000000043b8                save_assert_info
 .text.invoke_soft_fault
                0x000000000000442c       0x20 /sdcard/Download/codes/arm/static/GCC_Project/output/sec_debug.o
                0x000000000000442c                invoke_soft_fault
 .text.Reset_Handler
                0x000000000000444c       0x2c /sdcard/Download/codes/arm/static/GCC_Project/output/startup_EOSS3B_GCC.o
                0x000000000000444c                Reset_Handler
 .text.__semihost_call
                0x0000000000004478        0x6 /sdcard/Download/codes/arm/static/GCC_Project/output/startup_EOSS3B_GCC.o
                0x0000000000004478                __semihost_call
 *fill*         0x000000000000447e        0x2 
 .text.prvResetNextTaskUnblockTime
                0x0000000000004480       0x24 /sdcard/Download/codes/arm/static/GCC_Project/output/tasks.o
 .text.prvAddCurrentTaskToDelayedList
                0x00000000000044a4       0x8c /sdcard/Download/codes/arm/static/GCC_Project/output/tasks.o
 .text.xTaskCreate
                0x0000000000004530      0x1dc /sdcard/Download/codes/arm/static/GCC_Project/output/tasks.o
                0x0000000000004530                xTaskCreate
 .text.vTaskSuspendAll
                0x000000000000470c       0x10 /sdcard/Download/codes/arm/static/GCC_Project/output/tasks.o
                0x000000000000470c                vTaskSuspendAll
 .text.xTaskGetTickCount
                0x000000000000471c        0xc /sdcard/Download/codes/arm/static/GCC_Project/output/tasks.o
                0x000000000000471c                xTaskGetTickCount
 .text.xTaskIncrementTick
                0x0000000000004728      0x144 /sdcard/Download/codes/arm/static/GCC_Project/output/tasks.o
                0x0000000000004728                xTaskIncrementTick
 .text.xTaskResumeAll
                0x000000000000486c       0xfc /sdcard/Download/codes/arm/static/GCC_Project/output/tasks.o
                0x000000000000486c                xTaskResumeAll
 .text.vTaskDelay
                0x0000000000004968       0x60 /sdcard/Download/codes/arm/static/GCC_Project/output/tasks.o
                0x0000000000004968                vTaskDelay
 .text.vTaskSwitchContext
                0x00000000000049c8       0xb8 /sdcard/Download/codes/arm/static/GCC_Project/output/tasks.o
                0x00000000000049c8                vTaskSwitchContext
 .text.vTaskPlaceOnEventList
                0x0000000000004a80       0x48 /sdcard/Download/codes/arm/static/GCC_Project/output/tasks.o
                0x0000000000004a80                vTaskPlaceOnEventList
 .text.xTaskRemoveFromEventList
                0x0000000000004ac8       0x98 /sdcard/Download/codes/arm/static/GCC_Project/output/tasks.o
                0x0000000000004ac8                xTaskRemoveFromEventList
 .text.vTaskInternalSetTimeOutState
                0x0000000000004b60       0x18 /sdcard/Download/codes/arm/static/GCC_Project/output/tasks.o
                0x0000000000004b60                vTaskInternalSetTimeOutState
 .text.xTaskCheckForTimeOut
                0x0000000000004b78       0x94 /sdcard/Download/codes/arm/static/GCC_Project/output/tasks.o
                0x0000000000004b78                xTaskCheckForTimeOut
 .text.vTaskMissedYield
                0x0000000000004c0c        0xc /sdcard/Download/codes/arm/static/GCC_Project/output/tasks.o
                0x0000000000004c0c                vTaskMissedYield
 .text.uxTaskGetTCBNumber
                0x0000000000004c18       0x14 /sdcard/Download/codes/arm/static/GCC_Project/output/tasks.o
                0x0000000000004c18                uxTaskGetTCBNumber
 .text.xTaskGetCurrentTaskHandle
                0x0000000000004c2c        0xc /sdcard/Download/codes/arm/static/GCC_Project/output/tasks.o
                0x0000000000004c2c                xTaskGetCurrentTaskHandle
 .text.xTaskGetSchedulerState
                0x0000000000004c38       0x20 /sdcard/Download/codes/arm/static/GCC_Project/output/tasks.o
                0x0000000000004c38                xTaskGetSchedulerState
 .text.xTaskPriorityInherit
                0x0000000000004c58       0xa4 /sdcard/Download/codes/arm/static/GCC_Project/output/tasks.o
                0x0000000000004c58                xTaskPriorityInherit
 .text.xTaskPriorityDisinherit
                0x0000000000004cfc       0xc0 /sdcard/Download/codes/arm/static/GCC_Project/output/tasks.o
                0x0000000000004cfc                xTaskPriorityDisinherit
 .text.vTaskPriorityDisinheritAfterTimeout
                0x0000000000004dbc       0xd0 /sdcard/Download/codes/arm/static/GCC_Project/output/tasks.o
                0x0000000000004dbc                vTaskPriorityDisinheritAfterTimeout
 .text.pvTaskIncrementMutexHeldCount
                0x0000000000004e8c       0x18 /sdcard/Download/codes/arm/static/GCC_Project/output/tasks.o
                0x0000000000004e8c                pvTaskIncrementMutexHeldCount
 .text.prvCheckForValidListAndQueue
                0x0000000000004ea4       0x58 /sdcard/Download/codes/arm/static/GCC_Project/output/timers.o
 .text.xTimerCreate
                0x0000000000004efc       0x58 /sdcard/Download/codes/arm/static/GCC_Project/output/timers.o
                0x0000000000004efc                xTimerCreate
 .text.xTimerGenericCommand
                0x0000000000004f54       0x70 /sdcard/Download/codes/arm/static/GCC_Project/output/timers.o
                0x0000000000004f54                xTimerGenericCommand
 .text          0x0000000000004fc4       0x30 /usr/lib/gcc/arm-none-eabi/8.3.1/thumb/v7e-m+fp/hard/libgcc.a(_aeabi_uldivmod.o)
                0x0000000000004fc4                __aeabi_uldivmod
 .text          0x0000000000004ff4      0x2d0 /usr/lib/gcc/arm-none-eabi/8.3.1/thumb/v7e-m+fp/hard/libgcc.a(_udivmoddi4.o)
                0x0000000000004ff4                __udivmoddi4
 .text          0x00000000000052c4        0x4 /usr/lib/gcc/arm-none-eabi/8.3.1/thumb/v7e-m+fp/hard/libgcc.a(_dvmd_tls.o)
                0x00000000000052c4                __aeabi_ldiv0
                0x00000000000052c4                __aeabi_idiv0
 .text          0x00000000000052c8        0xc /usr/lib/gcc/arm-none-eabi/8.3.1/../../../arm-none-eabi/lib/thumb/v7e-m+fp/hard/libg_nano.a(lib_a-atexit.o)
                0x00000000000052c8                atexit
 .text          0x00000000000052d4       0x28 /usr/lib/gcc/arm-none-eabi/8.3.1/../../../arm-none-eabi/lib/thumb/v7e-m+fp/hard/libg_nano.a(lib_a-exit.o)
                0x00000000000052d4                exit
 .text          0x00000000000052fc       0x34 /usr/lib/gcc/arm-none-eabi/8.3.1/../../../arm-none-eabi/lib/thumb/v7e-m+fp/hard/libg_nano.a(lib_a-fini.o)
                0x00000000000052fc                __libc_fini_array
 .text          0x0000000000005330       0x48 /usr/lib/gcc/arm-none-eabi/8.3.1/../../../arm-none-eabi/lib/thumb/v7e-m+fp/hard/libg_nano.a(lib_a-init.o)
                0x0000000000005330                __libc_init_array
 .text          0x0000000000005378       0x3c /usr/lib/gcc/arm-none-eabi/8.3.1/../../../arm-none-eabi/lib/thumb/v7e-m+fp/hard/libg_nano.a(lib_a-itoa.o)
                0x0000000000005378                __itoa
                0x00000000000053b0                itoa
 .text          0x00000000000053b4       0x20 /usr/lib/gcc/arm-none-eabi/8.3.1/../../../arm-none-eabi/lib/thumb/v7e-m+fp/hard/libg_nano.a(lib_a-malloc.o)
                0x00000000000053b4                malloc
                0x00000000000053c4                free
 .text          0x00000000000053d4      0x134 /usr/lib/gcc/arm-none-eabi/8.3.1/../../../arm-none-eabi/lib/thumb/v7e-m+fp/hard/libg_nano.a(lib_a-memcpy.o)
                0x00000000000053d4                memcpy
 .text          0x0000000000005508       0xa0 /usr/lib/gcc/arm-none-eabi/8.3.1/../../../arm-none-eabi/lib/thumb/v7e-m+fp/hard/libg_nano.a(lib_a-memset.o)
                0x0000000000005508                memset
 .text          0x00000000000055a8       0xac /usr/lib/gcc/arm-none-eabi/8.3.1/../../../arm-none-eabi/lib/thumb/v7e-m+fp/hard/libg_nano.a(lib_a-nano-freer.o)
                0x00000000000055a8                _free_r
 .text          0x0000000000005654       0xc8 /usr/lib/gcc/arm-none-eabi/8.3.1/../../../arm-none-eabi/lib/thumb/v7e-m+fp/hard/libg_nano.a(lib_a-nano-mallocr.o)
                0x0000000000005654                _malloc_r
 .text          0x000000000000571c       0x68 /usr/lib/gcc/arm-none-eabi/8.3.1/../../../arm-none-eabi/lib/thumb/v7e-m+fp/hard/libg_nano.a(lib_a-printf.o)
                0x000000000000571c                _printf_r
                0x000000000000571c                _iprintf_r
                0x000000000000574c                printf
                0x000000000000574c                iprintf
 .text          0x0000000000005784       0xe8 /usr/lib/gcc/arm-none-eabi/8.3.1/../../../arm-none-eabi/lib/thumb/v7e-m+fp/hard/libg_nano.a(lib_a-puts.o)
                0x0000000000005784                _puts_r
                0x000000000000585c                puts
 .text          0x000000000000586c       0x24 /usr/lib/gcc/arm-none-eabi/8.3.1/../../../arm-none-eabi/lib/thumb/v7e-m+fp/hard/libg_nano.a(lib_a-sbrkr.o)
                0x000000000000586c                _sbrk_r
 .text          0x0000000000005890       0x1c /usr/lib/gcc/arm-none-eabi/8.3.1/../../../arm-none-eabi/lib/thumb/v7e-m+fp/hard/libg_nano.a(lib_a-setjmp.o)
                0x0000000000005890                setjmp
                0x000000000000589c                longjmp
 .text          0x00000000000058ac      0x110 /usr/lib/gcc/arm-none-eabi/8.3.1/../../../arm-none-eabi/lib/thumb/v7e-m+fp/hard/libg_nano.a(lib_a-snprintf.o)
                0x00000000000058ac                _sniprintf_r
                0x00000000000058ac                _snprintf_r
                0x0000000000005930                snprintf
                0x0000000000005930                sniprintf
 .text          0x00000000000059bc       0x80 /usr/lib/gcc/arm-none-eabi/8.3.1/../../../arm-none-eabi/lib/thumb/v7e-m+fp/hard/libg_nano.a(lib_a-sprintf.o)
                0x00000000000059bc                _siprintf_r
                0x00000000000059bc                _sprintf_r
                0x00000000000059f8                sprintf
                0x00000000000059f8                siprintf
 .text          0x0000000000005a3c       0xc8 /usr/lib/gcc/arm-none-eabi/8.3.1/../../../arm-none-eabi/lib/thumb/v7e-m+fp/hard/libg_nano.a(lib_a-strchr.o)
                0x0000000000005a3c                strchr
 *fill*         0x0000000000005b04       0x1c 
 .text          0x0000000000005b20      0x2dc /usr/lib/gcc/arm-none-eabi/8.3.1/../../../arm-none-eabi/lib/thumb/v7e-m+fp/hard/libg_nano.a(lib_a-strcmp.o)
                0x0000000000005b28                strcmp
 .text          0x0000000000005dfc       0xbc /usr/lib/gcc/arm-none-eabi/8.3.1/../../../arm-none-eabi/lib/thumb/v7e-m+fp/hard/libg_nano.a(lib_a-strcpy.o)
                0x0000000000005dfc                strcpy
 *fill*         0x0000000000005eb8        0x8 
 .text          0x0000000000005ec0       0xdc /usr/lib/gcc/arm-none-eabi/8.3.1/../../../arm-none-eabi/lib/thumb/v7e-m+fp/hard/libg_nano.a(lib_a-strlen.o)
                0x0000000000005ec0                strlen
 .text          0x0000000000005f9c       0x74 /usr/lib/gcc/arm-none-eabi/8.3.1/../../../arm-none-eabi/lib/thumb/v7e-m+fp/hard/libg_nano.a(lib_a-strncpy.o)
                0x0000000000005f9c                strncpy
 .text          0x0000000000006010       0x24 /usr/lib/gcc/arm-none-eabi/8.3.1/../../../arm-none-eabi/lib/thumb/v7e-m+fp/hard/libg_nano.a(lib_a-strrchr.o)
                0x0000000000006010                strrchr
 .text          0x0000000000006034       0x70 /usr/lib/gcc/arm-none-eabi/8.3.1/../../../arm-none-eabi/lib/thumb/v7e-m+fp/hard/libg_nano.a(lib_a-strtok_r.o)
                0x0000000000006034                __strtok_r
                0x000000000000609c                strtok_r
 .text          0x00000000000060a4      0x1c4 /usr/lib/gcc/arm-none-eabi/8.3.1/../../../arm-none-eabi/lib/thumb/v7e-m+fp/hard/libg_nano.a(lib_a-strtoll.o)
                0x0000000000006234                _strtoll_r
                0x0000000000006238                strtoll_l
                0x0000000000006250                strtoll
 .text          0x0000000000006268      0x1f8 /usr/lib/gcc/arm-none-eabi/8.3.1/../../../arm-none-eabi/lib/thumb/v7e-m+fp/hard/libg_nano.a(lib_a-strtoull.o)
                0x000000000000642c                _strtoull_r
                0x0000000000006430                strtoull_l
                0x0000000000006448                strtoull
 .text          0x0000000000006460       0x90 /usr/lib/gcc/arm-none-eabi/8.3.1/../../../arm-none-eabi/lib/thumb/v7e-m+fp/hard/libg_nano.a(lib_a-utoa.o)
                0x0000000000006460                __utoa
                0x00000000000064ec                utoa
 .text          0x00000000000064f0       0x88 /usr/lib/gcc/arm-none-eabi/8.3.1/../../../arm-none-eabi/lib/thumb/v7e-m+fp/hard/libg_nano.a(lib_a-vsnprintf.o)
                0x00000000000064f0                _vsnprintf_r
                0x00000000000064f0                _vsniprintf_r
                0x000000000000655c                vsnprintf
                0x000000000000655c                vsniprintf
 .text          0x0000000000006578       0xc0 /usr/lib/gcc/arm-none-eabi/8.3.1/../../../arm-none-eabi/lib/thumb/v7e-m+fp/hard/libg_nano.a(lib_a-wbuf.o)
                0x0000000000006578                __swbuf_r
                0x0000000000006628                __swbuf
 .text          0x0000000000006638      0x100 /usr/lib/gcc/arm-none-eabi/8.3.1/../../../arm-none-eabi/lib/thumb/v7e-m+fp/hard/libg_nano.a(lib_a-wsetup.o)
                0x0000000000006638                __swsetup_r
 .text          0x0000000000006738       0xa0 /usr/lib/gcc/arm-none-eabi/8.3.1/../../../arm-none-eabi/lib/thumb/v7e-m+fp/hard/libg_nano.a(lib_a-__atexit.o)
                0x0000000000006738                __register_exitproc
 .text          0x00000000000067d8       0x9c /usr/lib/gcc/arm-none-eabi/8.3.1/../../../arm-none-eabi/lib/thumb/v7e-m+fp/hard/libg_nano.a(lib_a-__call_atexit.o)
                0x00000000000067d8                __call_exitprocs
 .text          0x0000000000006874      0x1b0 /usr/lib/gcc/arm-none-eabi/8.3.1/../../../arm-none-eabi/lib/thumb/v7e-m+fp/hard/libg_nano.a(lib_a-fflush.o)
                0x0000000000006874                __sflush_r
                0x00000000000069a0                _fflush_r
                0x0000000000006a00                fflush
 .text          0x0000000000006a24      0x210 /usr/lib/gcc/arm-none-eabi/8.3.1/../../../arm-none-eabi/lib/thumb/v7e-m+fp/hard/libg_nano.a(lib_a-findfp.o)
                0x0000000000006a28                _cleanup_r
                0x0000000000006a38                __sfmoreglue
                0x0000000000006a68                __sfp
                0x0000000000006be0                _cleanup
                0x0000000000006bf4                __sinit
                0x0000000000006bfc                __sfp_lock_acquire
                0x0000000000006c00                __sfp_lock_release
                0x0000000000006c04                __sinit_lock_acquire
                0x0000000000006c08                __sinit_lock_release
                0x0000000000006c0c                __fp_lock_all
                0x0000000000006c20                __fp_unlock_all
 .text          0x0000000000006c34       0xa0 /usr/lib/gcc/arm-none-eabi/8.3.1/../../../arm-none-eabi/lib/thumb/v7e-m+fp/hard/libg_nano.a(lib_a-fwalk.o)
                0x0000000000006c34                _fwalk
                0x0000000000006c80                _fwalk_reent
 .text          0x0000000000006cd4       0xf0 /usr/lib/gcc/arm-none-eabi/8.3.1/../../../arm-none-eabi/lib/thumb/v7e-m+fp/hard/libg_nano.a(lib_a-makebuf.o)
                0x0000000000006cd4                __swhatbuf_r
                0x0000000000006d30                __smakebuf_r
 .text          0x0000000000006dc4        0x8 /usr/lib/gcc/arm-none-eabi/8.3.1/../../../arm-none-eabi/lib/thumb/v7e-m+fp/hard/libg_nano.a(lib_a-mlock.o)
                0x0000000000006dc4                __malloc_lock
                0x0000000000006dc8                __malloc_unlock
 .text          0x0000000000006dcc      0x42c /usr/lib/gcc/arm-none-eabi/8.3.1/../../../arm-none-eabi/lib/thumb/v7e-m+fp/hard/libg_nano.a(lib_a-nano-svfprintf.o)
                0x0000000000006dcc                __ssputs_r
                0x0000000000006e8c                __ssprint_r
                0x0000000000006f84                _svfprintf_r
                0x0000000000006f84                _svfiprintf_r
 .text          0x00000000000071f8      0x364 /usr/lib/gcc/arm-none-eabi/8.3.1/../../../arm-none-eabi/lib/thumb/v7e-m+fp/hard/libg_nano.a(lib_a-nano-vfprintf.o)
                0x0000000000007234                __sfputs_r
                0x0000000000007264                __sprint_r
                0x0000000000007280                _vfiprintf_r
                0x0000000000007280                _vfprintf_r
                0x0000000000007544                vfiprintf
                0x0000000000007544                vfprintf
 .text          0x000000000000755c      0x3c4 /usr/lib/gcc/arm-none-eabi/8.3.1/../../../arm-none-eabi/lib/thumb/v7e-m+fp/hard/libg_nano.a(lib_a-nano-vfprintf_i.o)
                0x000000000000755c                _printf_common
                0x0000000000007688                _printf_i
 .text          0x0000000000007920       0x90 /usr/lib/gcc/arm-none-eabi/8.3.1/../../../arm-none-eabi/lib/thumb/v7e-m+fp/hard/libg_nano.a(lib_a-stdio.o)
                0x0000000000007920                __sread
                0x0000000000007944                __seofread
                0x0000000000007948                __swrite
                0x0000000000007988                __sseek
                0x00000000000079a8                __sclose
 .text          0x00000000000079b0       0x2c /usr/lib/gcc/arm-none-eabi/8.3.1/../../../arm-none-eabi/lib/thumb/v7e-m+fp/hard/libg_nano.a(lib_a-writer.o)
                0x00000000000079b0                _write_r
 .text          0x00000000000079dc       0x24 /usr/lib/gcc/arm-none-eabi/8.3.1/../../../arm-none-eabi/lib/thumb/v7e-m+fp/hard/libg_nano.a(lib_a-closer.o)
                0x00000000000079dc                _close_r
 .text          0x0000000000007a00       0x28 /usr/lib/gcc/arm-none-eabi/8.3.1/../../../arm-none-eabi/lib/thumb/v7e-m+fp/hard/libg_nano.a(lib_a-fstatr.o)
                0x0000000000007a00                _fstat_r
 .text          0x0000000000007a28      0x308 /usr/lib/gcc/arm-none-eabi/8.3.1/../../../arm-none-eabi/lib/thumb/v7e-m+fp/hard/libg_nano.a(lib_a-fvwrite.o)
                0x0000000000007a28                __sfvwrite_r
 .text          0x0000000000007d30       0x24 /usr/lib/gcc/arm-none-eabi/8.3.1/../../../arm-none-eabi/lib/thumb/v7e-m+fp/hard/libg_nano.a(lib_a-isattyr.o)
                0x0000000000007d30                _isatty_r
 .text          0x0000000000007d54       0x2c /usr/lib/gcc/arm-none-eabi/8.3.1/../../../arm-none-eabi/lib/thumb/v7e-m+fp/hard/libg_nano.a(lib_a-lseekr.o)
                0x0000000000007d54                _lseek_r
 .text          0x0000000000007d80       0xa0 /usr/lib/gcc/arm-none-eabi/8.3.1/../../../arm-none-eabi/lib/thumb/v7e-m+fp/hard/libg_nano.a(lib_a-memchr.o)
                0x0000000000007d80                memchr
 .text          0x0000000000007e20       0xd0 /usr/lib/gcc/arm-none-eabi/8.3.1/../../../arm-none-eabi/lib/thumb/v7e-m+fp/hard/libg_nano.a(lib_a-memmove.o)
                0x0000000000007e20                memmove
 .text          0x0000000000007ef0       0x4c /usr/lib/gcc/arm-none-eabi/8.3.1/../../../arm-none-eabi/lib/thumb/v7e-m+fp/hard/libg_nano.a(lib_a-nano-reallocr.o)
                0x0000000000007ef0                _realloc_r
 .text          0x0000000000007f3c       0x2c /usr/lib/gcc/arm-none-eabi/8.3.1/../../../arm-none-eabi/lib/thumb/v7e-m+fp/hard/libg_nano.a(lib_a-readr.o)
                0x0000000000007f3c                _read_r
 .text          0x0000000000007f68       0x10 /usr/lib/gcc/arm-none-eabi/8.3.1/../../../arm-none-eabi/lib/thumb/v7e-m+fp/hard/libg_nano.a(lib_a-nano-msizer.o)
                0x0000000000007f68                _malloc_usable_size_r
 .text          0x0000000000007f78       0x10 /usr/lib/gcc/arm-none-eabi/8.3.1/../../../arm-none-eabi/lib/thumb/v7e-m+fp/hard/libnosys.a(fstat.o)
                0x0000000000007f78                _fstat
 .text          0x0000000000007f88       0x10 /usr/lib/gcc/arm-none-eabi/8.3.1/../../../arm-none-eabi/lib/thumb/v7e-m+fp/hard/libnosys.a(isatty.o)
                0x0000000000007f88                _isatty
 .text          0x0000000000007f98       0x1c /usr/lib/gcc/arm-none-eabi/8.3.1/../../../arm-none-eabi/lib/thumb/v7e-m+fp/hard/libnosys.a(sbrk.o)
                0x0000000000007f98                _sbrk
 .text          0x0000000000007fb4        0x4 /usr/lib/gcc/arm-none-eabi/8.3.1/../../../arm-none-eabi/lib/thumb/v7e-m+fp/hard/libnosys.a(_exit.o)
                0x0000000000007fb4                _exit
 *(.init)
 .init          0x0000000000007fb8        0x4 /usr/lib/gcc/arm-none-eabi/8.3.1/thumb/v7e-m+fp/hard/crti.o
                0x0000000000007fb8                _init
 .init          0x0000000000007fbc        0x8 /usr/lib/gcc/arm-none-eabi/8.3.1/thumb/v7e-m+fp/hard/crtn.o
 *(.fini)
 .fini          0x0000000000007fc4        0x4 /usr/lib/gcc/arm-none-eabi/8.3.1/thumb/v7e-m+fp/hard/crti.o
                0x0000000000007fc4                _fini
 .fini          0x0000000000007fc8        0x8 /usr/lib/gcc/arm-none-eabi/8.3.1/thumb/v7e-m+fp/hard/crtn.o
 *crtbegin.o(.ctors)
 *crtbegin?.o(.ctors)
 *(EXCLUDE_FILE(*crtend.o *crtend?.o) .ctors)
 *(SORT_BY_NAME(.ctors.*))
 *(.ctors)
 *crtbegin.o(.dtors)
 *crtbegin?.o(.dtors)
 *(EXCLUDE_FILE(*crtend.o *crtend?.o) .dtors)
 *(SORT_BY_NAME(.dtors.*))
 *(.dtors)
 *(.rodata*)
 .rodata.main.str1.1
                0x0000000000007fd0       0xcb /sdcard/Download/codes/arm/static/GCC_Project/output/Main.o
                                         0xd0 (size before relaxing)
 .rodata.CLI_numX_getshow_X.str1.1
                0x000000000000809b       0x23 /sdcard/Download/codes/arm/static/GCC_Project/output/cli_args.o
 .rodata.CLI_string_ptr_get_subcmd.str1.1
                0x00000000000080be        0xc /sdcard/Download/codes/arm/static/GCC_Project/output/cli_args.o
 .rodata.CLI_cmd_stack_pop.str1.1
                0x00000000000080ca       0x16 /sdcard/Download/codes/arm/static/GCC_Project/output/cli_loop.o
 .rodata.CLI_cmd_stack_push.str1.1
                0x00000000000080e0       0x1a /sdcard/Download/codes/arm/static/GCC_Project/output/cli_loop.o
 .rodata.CLI_dispatch.str1.1
                0x00000000000080fa       0x21 /sdcard/Download/codes/arm/static/GCC_Project/output/cli_loop.o
 .rodata.CLI_dispatch_subcmd.str1.1
                0x000000000000811b       0x2a /sdcard/Download/codes/arm/static/GCC_Project/output/cli_loop.o
 .rodata.CLI_print_prompt.str1.1
                0x0000000000008145        0xd /sdcard/Download/codes/arm/static/GCC_Project/output/cli_loop.o
 .rodata.CLI_rx_byte.str1.1
                0x0000000000008152        0x9 /sdcard/Download/codes/arm/static/GCC_Project/output/cli_loop.o
 .rodata.CLI_verror.str1.1
                0x000000000000815b        0x8 /sdcard/Download/codes/arm/static/GCC_Project/output/cli_loop.o
 .rodata._backspace.7305
                0x0000000000008163        0x4 /sdcard/Download/codes/arm/static/GCC_Project/output/cli_loop.o
 .rodata.handle_exit.str1.1
                0x0000000000008167        0xa /sdcard/Download/codes/arm/static/GCC_Project/output/cli_loop.o
 .rodata.handle_help.str1.1
                0x0000000000008171       0x2e /sdcard/Download/codes/arm/static/GCC_Project/output/cli_loop.o
                                         0x33 (size before relaxing)
 *fill*         0x000000000000819f        0x1 
 .rodata.std_cmds
                0x00000000000081a0       0x40 /sdcard/Download/codes/arm/static/GCC_Project/output/cli_loop.o
 .rodata.str1.1
                0x00000000000081e0       0x21 /sdcard/Download/codes/arm/static/GCC_Project/output/cli_loop.o
                                         0x26 (size before relaxing)
 .rodata.CLI_error_missing_parameter.str1.1
                0x0000000000008201        0xd /sdcard/Download/codes/arm/static/GCC_Project/output/cli_misc.o
 .rodata.CLI_error_not_a_number.str1.1
                0x000000000000820e       0x17 /sdcard/Download/codes/arm/static/GCC_Project/output/cli_misc.o
 .rodata.CLI_start_task.str1.1
                0x0000000000008225       0x5a /sdcard/Download/codes/arm/static/GCC_Project/output/cli_platform.o
 .rodata.CLI_task.str1.1
                0x000000000000827f       0x42 /sdcard/Download/codes/arm/static/GCC_Project/output/cli_platform.o
 .rodata._colon_tt.8560
                0x00000000000082c1        0x4 /sdcard/Download/codes/arm/static/GCC_Project/output/dbg_uart.o
 .rodata.dbg_str.str1.1
                0x00000000000082c5        0x3 /sdcard/Download/codes/arm/static/GCC_Project/output/dbg_uart.o
 .rodata.HAL_PAD_Config.str1.1
                0x00000000000082c8       0x54 /sdcard/Download/codes/arm/static/GCC_Project/output/eoss3_hal_pad_config.o
 .rodata.IO_INPUT_PAD_SEL
                0x000000000000831c       0x10 /sdcard/Download/codes/arm/static/GCC_Project/output/eoss3_hal_pad_config.o
                0x000000000000831c                IO_INPUT_PAD_SEL
 .rodata.SEL_EXT_PAD_REGS
                0x000000000000832c      0x160 /sdcard/Download/codes/arm/static/GCC_Project/output/eoss3_hal_pad_config.o
                0x000000000000832c                SEL_EXT_PAD_REGS
 .rodata.unlock_spi1_bus.str1.1
                0x000000000000848c       0x36 /sdcard/Download/codes/arm/static/GCC_Project/output/eoss3_hal_spi.o
 .rodata.HAL_Timer_ISR.str1.1
                0x00000000000084c2       0x20 /sdcard/Download/codes/arm/static/GCC_Project/output/eoss3_hal_timer.o
 .rodata.SendEventToTimerThread.str1.1
                0x00000000000084e2       0x82 /sdcard/Download/codes/arm/static/GCC_Project/output/eoss3_hal_timer.o
 .rodata.__FUNCTION__.9321
                0x0000000000008564        0xe /sdcard/Download/codes/arm/static/GCC_Project/output/eoss3_hal_timer.o
 .rodata.CSWTCH.15
                0x0000000000008572        0x4 /sdcard/Download/codes/arm/static/GCC_Project/output/eoss3_hal_uart.o
 *fill*         0x0000000000008576        0x2 
 .rodata.CSWTCH.16
                0x0000000000008578       0x28 /sdcard/Download/codes/arm/static/GCC_Project/output/eoss3_hal_uart.o
 .rodata.uart_init.str1.1
                0x00000000000085a0        0xc /sdcard/Download/codes/arm/static/GCC_Project/output/eoss3_hal_uart.o
 .rodata.WDT_ISR.str1.1
                0x00000000000085ac       0x4d /sdcard/Download/codes/arm/static/GCC_Project/output/eoss3_hal_wdt.o
 .rodata.__FUNCTION__.8685
                0x00000000000085f9        0x8 /sdcard/Download/codes/arm/static/GCC_Project/output/eoss3_hal_wdt.o
 .rodata.prvGetRegistersFromStack.str1.1
                0x0000000000008601       0x41 /sdcard/Download/codes/arm/static/GCC_Project/output/exceptions.o
                                         0x44 (size before relaxing)
 .rodata.spurious_interrupt.str1.1
                0x0000000000008642        0xd /sdcard/Download/codes/arm/static/GCC_Project/output/exceptions.o
 .rodata.vApplicationMallocFailedHook.str1.1
                0x000000000000864f       0x20 /sdcard/Download/codes/arm/static/GCC_Project/output/exceptions.o
 .rodata.vApplicationStackOverflowHook.str1.1
                0x000000000000866f       0x21 /sdcard/Download/codes/arm/static/GCC_Project/output/exceptions.o
 .rodata.pvPortMalloc.str1.1
                0x0000000000008690       0x58 /sdcard/Download/codes/arm/static/GCC_Project/output/heap_4.o
 .rodata.vPortFree.str1.1
                0x00000000000086e8       0x35 /sdcard/Download/codes/arm/static/GCC_Project/output/heap_4.o
 .rodata.get_gpio_value.str1.1
                0x000000000000871d       0x11 /sdcard/Download/codes/arm/static/GCC_Project/output/main_dbg_cli_menu.o
 *fill*         0x000000000000872e        0x2 
 .rodata.my_main_menu
                0x0000000000008730       0x20 /sdcard/Download/codes/arm/static/GCC_Project/output/main_dbg_cli_menu.o
                0x0000000000008730                my_main_menu
 .rodata.qorc_gpioctlr
                0x0000000000008750       0x40 /sdcard/Download/codes/arm/static/GCC_Project/output/main_dbg_cli_menu.o
                0x0000000000008750                qorc_gpioctlr
 .rodata.set_gpio_input.str1.1
                0x0000000000008790        0x3 /sdcard/Download/codes/arm/static/GCC_Project/output/main_dbg_cli_menu.o
 .rodata.set_gpio_output.str1.1
                0x0000000000008793        0x3 /sdcard/Download/codes/arm/static/GCC_Project/output/main_dbg_cli_menu.o
                                          0x4 (size before relaxing)
 .rodata.str1.1
                0x0000000000008793       0x6e /sdcard/Download/codes/arm/static/GCC_Project/output/main_dbg_cli_menu.o
 .rodata.prvTaskExitError.str1.1
                0x0000000000008801       0x6b /sdcard/Download/codes/arm/static/GCC_Project/output/port.o
 .rodata.xQueueGenericReset.str1.1
                0x000000000000886c       0x46 /sdcard/Download/codes/arm/static/GCC_Project/output/queue.o
 .rodata.S3x_Clk_Init.str1.1
                0x00000000000088b2       0x5c /sdcard/Download/codes/arm/static/GCC_Project/output/s3x_clock.o
 .rodata.DFS_StartTimer.str1.1
                0x000000000000890e       0x5d /sdcard/Download/codes/arm/static/GCC_Project/output/s3x_dfs.o
 .rodata.S3x_Set_Policy.str1.1
                0x000000000000896b       0x17 /sdcard/Download/codes/arm/static/GCC_Project/output/s3x_dfs.o
 .rodata.__func__.9034
                0x0000000000008982       0x15 /sdcard/Download/codes/arm/static/GCC_Project/output/s3x_pi.o
 .rodata.s3x_pi_set_active_st.str1.1
                0x0000000000008997       0x2f /sdcard/Download/codes/arm/static/GCC_Project/output/s3x_pi.o
 .rodata        0x00000000000089c6        0x8 /sdcard/Download/codes/arm/static/GCC_Project/output/sec_debug.o
 .rodata.invoke_soft_fault.str1.1
                0x00000000000089ce        0xc /sdcard/Download/codes/arm/static/GCC_Project/output/sec_debug.o
 .rodata.save_assert_info.str1.1
                0x00000000000089da       0x1c /sdcard/Download/codes/arm/static/GCC_Project/output/sec_debug.o
 .rodata.prvTaskIsTaskSuspended.str1.1
                0x00000000000089f6       0x46 /sdcard/Download/codes/arm/static/GCC_Project/output/tasks.o
 .rodata.prvCheckForValidListAndQueue.str1.1
                0x0000000000008a3c        0x5 /sdcard/Download/codes/arm/static/GCC_Project/output/timers.o
 .rodata.xTimerCreateTimerTask.str1.1
                0x0000000000008a41       0x4f /sdcard/Download/codes/arm/static/GCC_Project/output/timers.o
 .rodata        0x0000000000008a90        0x4 /usr/lib/gcc/arm-none-eabi/8.3.1/../../../arm-none-eabi/lib/thumb/v7e-m+fp/hard/libg_nano.a(lib_a-impure.o)
                0x0000000000008a90                _global_impure_ptr
 .rodata.str1.4
                0x0000000000008a94       0x25 /usr/lib/gcc/arm-none-eabi/8.3.1/../../../arm-none-eabi/lib/thumb/v7e-m+fp/hard/libg_nano.a(lib_a-utoa.o)
 *fill*         0x0000000000008ab9        0x3 
 .rodata        0x0000000000008abc      0x101 /usr/lib/gcc/arm-none-eabi/8.3.1/../../../arm-none-eabi/lib/thumb/v7e-m+fp/hard/libg_nano.a(lib_a-ctype_.o)
                0x0000000000008abc                _ctype_
 *fill*         0x0000000000008bbd        0x3 
 .rodata        0x0000000000008bc0       0x60 /usr/lib/gcc/arm-none-eabi/8.3.1/../../../arm-none-eabi/lib/thumb/v7e-m+fp/hard/libg_nano.a(lib_a-findfp.o)
                0x0000000000008bc0                __sf_fake_stderr
                0x0000000000008be0                __sf_fake_stdout
                0x0000000000008c00                __sf_fake_stdin
 .rodata.str1.4
                0x0000000000008c20       0x13 /usr/lib/gcc/arm-none-eabi/8.3.1/../../../arm-none-eabi/lib/thumb/v7e-m+fp/hard/libg_nano.a(lib_a-nano-svfprintf.o)
 .rodata.str1.4
                0x0000000000008c33       0x13 /usr/lib/gcc/arm-none-eabi/8.3.1/../../../arm-none-eabi/lib/thumb/v7e-m+fp/hard/libg_nano.a(lib_a-nano-vfprintf.o)
 *fill*         0x0000000000008c33        0x1 
 .rodata.str1.4
                0x0000000000008c34       0x25 /usr/lib/gcc/arm-none-eabi/8.3.1/../../../arm-none-eabi/lib/thumb/v7e-m+fp/hard/libg_nano.a(lib_a-nano-vfprintf_i.o)
 *(.eh_fram e*)

.eh_frame       0x0000000000008c5c        0x0
 .eh_frame      0x0000000000008c5c        0x0 /usr/lib/gcc/arm-none-eabi/8.3.1/thumb/v7e-m+fp/hard/crtbegin.o

.glue_7         0x0000000000008c5c        0x0
 .glue_7        0x0000000000008c5c        0x0 linker stubs

.glue_7t        0x0000000000008c5c        0x0
 .glue_7t       0x0000000000008c5c        0x0 linker stubs

.vfp11_veneer   0x0000000000008c5c        0x0
 .vfp11_veneer  0x0000000000008c5c        0x0 linker stubs

.v4_bx          0x0000000000008c5c        0x0
 .v4_bx         0x0000000000008c5c        0x0 linker stubs

.iplt           0x0000000000008c5c        0x0
 .iplt          0x0000000000008c5c        0x0 /usr/lib/gcc/arm-none-eabi/8.3.1/thumb/v7e-m+fp/hard/crtbegin.o

.ARM.extab
 *(.ARM.extab* .gnu.linkonce.armextab.*)
                0x0000000000008c59                __exidx_start = .

.ARM.exidx      0x0000000000008c5c        0x8
 *(.ARM.exidx* .gnu.linkonce.armexidx.*)
 .ARM.exidx     0x0000000000008c5c        0x8 /usr/lib/gcc/arm-none-eabi/8.3.1/../../../arm-none-eabi/lib/thumb/v7e-m+fp/hard/crt0.o
                                         0x10 (size before relaxing)
 .ARM.exidx     0x0000000000008c64        0x0 /usr/lib/gcc/arm-none-eabi/8.3.1/thumb/v7e-m+fp/hard/libgcc.a(_udivmoddi4.o)
                                          0x8 (size before relaxing)
                0x0000000000008c64                __exidx_end = .
                0x0000000000008c64                __etext = .
                0x0000000000008c64                _sidata = __etext

.rel.dyn        0x0000000000008c64        0x0
 .rel.iplt      0x0000000000008c64        0x0 /usr/lib/gcc/arm-none-eabi/8.3.1/thumb/v7e-m+fp/hard/crtbegin.o

.data           0x0000000020027000      0x8fc load address 0x0000000000008c64
                0x0000000020027000                __data_start__ = .
                0x0000000020027000                _sdata = __data_start__
 *(vtable)
 *(.data*)
 .data._dbg_uart_id
                0x0000000020027000        0x4 /sdcard/Download/codes/arm/static/GCC_Project/output/dbg_uart.o
                0x0000000020027000                _dbg_uart_id
 .data._semihost_handle
                0x0000000020027004        0x4 /sdcard/Download/codes/arm/static/GCC_Project/output/dbg_uart.o
                0x0000000020027004                _semihost_handle
 .data.pcDbgBuffer
                0x0000000020027008        0x4 /sdcard/Download/codes/arm/static/GCC_Project/output/dbg_uart.o
                0x0000000020027008                pcDbgBuffer
 .data.pcDbgBufferLim
                0x000000002002700c        0x4 /sdcard/Download/codes/arm/static/GCC_Project/output/dbg_uart.o
                0x000000002002700c                pcDbgBufferLim
 .data.rtc_alarm_interval
                0x0000000020027010        0x4 /sdcard/Download/codes/arm/static/GCC_Project/output/eoss3_hal_rtc.o
 .data.pincfg_table
                0x0000000020027014       0xc0 /sdcard/Download/codes/arm/static/GCC_Project/output/pincfg_table.o
                0x0000000020027014                pincfg_table
 .data.sizeof_pincfg_table
                0x00000000200270d4        0x4 /sdcard/Download/codes/arm/static/GCC_Project/output/pincfg_table.o
                0x00000000200270d4                sizeof_pincfg_table
 .data.uxCriticalNesting
                0x00000000200270d8        0x4 /sdcard/Download/codes/arm/static/GCC_Project/output/port.o
 .data.S3x_Clk_Domain_Gate_info
                0x00000000200270dc       0x90 /sdcard/Download/codes/arm/static/GCC_Project/output/s3x_clock.o
                0x00000000200270dc                S3x_Clk_Domain_Gate_info
 .data.policyCurrent
                0x000000002002716c        0x1 /sdcard/Download/codes/arm/static/GCC_Project/output/s3x_dfs.o
 .data.s3x_dfs_enable
                0x000000002002716d        0x1 /sdcard/Download/codes/arm/static/GCC_Project/output/s3x_dfs.o
 .data.stepdown_clkd_index
                0x000000002002716e        0x4 /sdcard/Download/codes/arm/static/GCC_Project/output/s3x_dfs.o
                0x000000002002716e                stepdown_clkd_index
 .data.stepup_clkd_index
                0x0000000020027172        0x4 /sdcard/Download/codes/arm/static/GCC_Project/output/s3x_dfs.o
                0x0000000020027172                stepup_clkd_index
 .data.S3x_Gate_PI_info
                0x0000000020027176       0x48 /sdcard/Download/codes/arm/static/GCC_Project/output/s3x_pi.o
                0x0000000020027176                S3x_Gate_PI_info
 .data.S3Pi     0x00000000200271be      0x1dc /sdcard/Download/codes/arm/static/GCC_Project/output/s3x_pwrcfg.o
                0x00000000200271be                S3Pi
 *fill*         0x000000002002739a        0x2 
 .data.S3clk    0x000000002002739c      0x450 /sdcard/Download/codes/arm/static/GCC_Project/output/s3x_pwrcfg.o
                0x000000002002739c                S3clk
 .data.dfs_node
                0x00000000200277ec       0xa0 /sdcard/Download/codes/arm/static/GCC_Project/output/s3x_pwrcfg.o
                0x00000000200277ec                dfs_node
 .data.policyInitial
                0x000000002002788c        0x1 /sdcard/Download/codes/arm/static/GCC_Project/output/s3x_pwrcfg.o
                0x000000002002788c                policyInitial
 *fill*         0x000000002002788d        0x3 
 .data          0x0000000020027890       0x64 /usr/lib/gcc/arm-none-eabi/8.3.1/../../../arm-none-eabi/lib/thumb/v7e-m+fp/hard/libg_nano.a(lib_a-impure.o)
                0x0000000020027890                _impure_ptr
                0x00000000200278f4                . = ALIGN (0x4)
                0x00000000200278f4                PROVIDE (__preinit_array_start = .)
 *(.preinit_array)
                0x00000000200278f4                PROVIDE (__preinit_array_end = .)
                0x00000000200278f4                . = ALIGN (0x4)
                0x00000000200278f4                PROVIDE (__init_array_start = .)
 *(SORT_BY_NAME(.init_array.*))
 *(.init_array)
 .init_array    0x00000000200278f4        0x4 /usr/lib/gcc/arm-none-eabi/8.3.1/thumb/v7e-m+fp/hard/crtbegin.o
                0x00000000200278f8                PROVIDE (__init_array_end = .)
                0x00000000200278f8                . = ALIGN (0x4)
                0x00000000200278f8                PROVIDE (__fini_array_start = .)
 *(SORT_BY_NAME(.fini_array.*))
 *(.fini_array)
 .fini_array    0x00000000200278f8        0x4 /usr/lib/gcc/arm-none-eabi/8.3.1/thumb/v7e-m+fp/hard/crtbegin.o